<html>
<body>
<pre>
<h1>µVision Build Log</h1>
<h2>Tool Versions:</h2>
IDE-Version: ¦ÌVision V5.40.0.0
Copyright (C) 2024 ARM Ltd and ARM Germany GmbH. All rights reserved.
License Information: 1 1, 11, LIC=KRMW3-A2I9V-JJC6S-LDWU0-YYSSL-DIVCA
 
Tool Versions:
Toolchain:       MDK-ARM Plus  Version: 5.40.0.3
Toolchain Path:  D:\Keil\MDK\ARM\ARMCC\Bin
C Compiler:      Armcc.exe V5.06 update 7 (build 960)
Assembler:       Armasm.exe V5.06 update 7 (build 960)
Linker/Locator:  ArmLink.exe V5.06 update 7 (build 960)
Library Manager: ArmAr.exe V5.06 update 7 (build 960)
Hex Converter:   FromElf.exe V5.06 update 7 (build 960)
CPU DLL:         SARMCM3.DLL V5.40.0.3
Dialog DLL:      DARMCM1.DLL V1.19.6.0
Target DLL:      CMSIS_AGDI.dll V1.33.18.0
Dialog DLL:      TARMCM1.DLL V1.14.6.0
 
<h2>Project:</h2>
D:\HT\HT_2025\Air724\project\MDK_ARMv5\project.uvprojx
Project File Date:  03/29/2025

<h2>Output:</h2>
*** Using Compiler 'V5.06 update 7 (build 960)', folder: 'D:\Keil\MDK\ARM\ARMCC\Bin'
Build target 'HT32'
compiling main.c...
linking...
Program Size: Code=15192 RO-data=96 RW-data=80 ZI-data=9688  
FromELF: creating hex file...
After Build - User command #1: fromelf --bin -o "D:\HT\HT_2025\Air724\project\MDK_ARMv5\HT32\52352\HT32.axf.bin" "D:\HT\HT_2025\Air724\project\MDK_ARMv5\HT32\52352\HT32.axf"
".\HT32\52352\HT32.axf" - 0 Error(s), 0 Warning(s).

<h2>Software Packages used:</h2>

Package Vendor: Holtek
                https://mcu.holtek.com.tw/pack/Holtek.HT32_DFP.1.0.61.pack
                Holtek::HT32_DFP@1.0.61
                Holtek HT32 Family Support
   * Component: HT32 Stack Usage Analysis Version: 1.0.0

<h2>Collection of Component include folders:</h2>
  ./RTE/_HT32
  D:/Keil/Packs/Holtek/HT32_DFP/1.0.61/ARM/INC/Holtek/HT32F5xxxx

<h2>Collection of Component Files used:</h2>

   * Component: Holtek::HT32 Stack Usage Analysis:HT32 Stack Usage Analysis@1.0.0
Build Time Elapsed:  00:00:01
</pre>
</body>
</html>
