Component: ARM Compiler 5.06 update 7 (build 960) Tool: armlink [4d3601]

==============================================================================

Section Cross References

    main.o(i.main) refers to uart0.o(i.UART0_Configuration) for UART0_Configuration
    main.o(i.main) refers to usart1.o(i.USART1_Configuration) for USART1_Configuration
    main.o(i.main) refers to gpio.o(i.GPIO_Configuration) for GPIO_Configuration
    main.o(i.main) refers to printfa.o(i.__0printf) for __2printf
    main.o(i.main) refers to atgm336h.o(i.ATGM_Init) for ATGM_Init
    main.o(i.main) refers to qmi8658a.o(i.QMI_Init) for QMI_Init
    main.o(i.main) refers to qmi8658a.o(i.QMI_ReadXYZ) for QMI_ReadXYZ
    main.o(i.main) refers to imu.o(i.imu_get_eulerian_angles) for imu_get_eulerian_angles
    main.o(i.main) refers to atgm336h.o(i.ATGM_AnalyseLocation) for ATGM_AnalyseLocation
    main.o(i.main) refers to delay.o(i.Delay_s) for Delay_s
    main.o(i.main) refers to ht32f5xxxx_wdt.o(i.WDT_Restart) for WDT_Restart
    main.o(i.main) refers to qmi8658a.o(.data) for g_imu_init
    uart0.o(i.UART0_Configuration) refers to ht32f5xxxx_ckcu.o(i.CKCU_PeripClockConfig) for CKCU_PeripClockConfig
    uart0.o(i.UART0_Configuration) refers to ht32f5xxxx_gpio.o(i.GPIO_PullResistorConfig) for GPIO_PullResistorConfig
    uart0.o(i.UART0_Configuration) refers to ht32f5xxxx_gpio.o(i.AFIO_GPxConfig) for AFIO_GPxConfig
    uart0.o(i.UART0_Configuration) refers to ht32f5xxxx_usart.o(i.USART_Init) for USART_Init
    uart0.o(i.UART0_Configuration) refers to ht32f5xxxx_usart.o(i.USART_TxRxCmd) for USART_TxRxCmd
    usart1.o(i.USART1_ClearBuffer) refers to memseta.o(.text) for __aeabi_memclr4
    usart1.o(i.USART1_ClearBuffer) refers to usart1.o(i.USART1_init_buffer) for USART1_init_buffer
    usart1.o(i.USART1_ClearBuffer) refers to usart1.o(.bss) for .bss
    usart1.o(i.USART1_Configuration) refers to ht32f5xxxx_ckcu.o(i.CKCU_PeripClockConfig) for CKCU_PeripClockConfig
    usart1.o(i.USART1_Configuration) refers to ht32f5xxxx_gpio.o(i.GPIO_PullResistorConfig) for GPIO_PullResistorConfig
    usart1.o(i.USART1_Configuration) refers to ht32f5xxxx_gpio.o(i.AFIO_GPxConfig) for AFIO_GPxConfig
    usart1.o(i.USART1_Configuration) refers to ht32f5xxxx_usart.o(i.USART_Init) for USART_Init
    usart1.o(i.USART1_Configuration) refers to ht32f5xxxx_usart.o(i.USART_TxRxCmd) for USART_TxRxCmd
    usart1.o(i.USART1_Configuration) refers to ht32f5xxxx_usart.o(i.USART_IntConfig) for USART_IntConfig
    usart1.o(i.USART1_Configuration) refers to usart1.o(i.__NVIC_EnableIRQ) for __NVIC_EnableIRQ
    usart1.o(i.USART1_Configuration) refers to usart1.o(i.USART1_init_buffer) for USART1_init_buffer
    usart1.o(i.USART1_IRQHandler) refers to ht32f5xxxx_usart.o(i.USART_SendData) for USART_SendData
    usart1.o(i.USART1_IRQHandler) refers to ht32f5xxxx_usart.o(i.USART_ReceiveData) for USART_ReceiveData
    usart1.o(i.USART1_IRQHandler) refers to ht32f5xxxx_usart.o(i.USART_IntConfig) for USART_IntConfig
    usart1.o(i.USART1_IRQHandler) refers to usart1.o(.bss) for .bss
    usart1.o(i.USART1_SendArray) refers to usart1.o(i.USART1_SendByte) for USART1_SendByte
    usart1.o(i.USART1_SendByte) refers to ht32f5xxxx_usart.o(i.USART_GetFlagStatus) for USART_GetFlagStatus
    usart1.o(i.USART1_SendByte) refers to ht32f5xxxx_usart.o(i.USART_SendData) for USART_SendData
    usart1.o(i.USART1_analyze_data) refers to usart1.o(i.__NVIC_DisableIRQ) for __NVIC_DisableIRQ
    usart1.o(i.USART1_analyze_data) refers to usart1.o(i.__NVIC_EnableIRQ) for __NVIC_EnableIRQ
    usart1.o(i.USART1_analyze_data) refers to usart1.o(.bss) for .bss
    usart1.o(i.USART1_init_buffer) refers to usart1.o(.bss) for .bss
    usart1.o(i.USART1_test) refers to usart1.o(i.USART1_tx_data) for USART1_tx_data
    usart1.o(i.USART1_tx_data) refers to usart1.o(i.__NVIC_DisableIRQ) for __NVIC_DisableIRQ
    usart1.o(i.USART1_tx_data) refers to usart1.o(i.__NVIC_EnableIRQ) for __NVIC_EnableIRQ
    usart1.o(i.USART1_tx_data) refers to ht32f5xxxx_usart.o(i.USART_IntConfig) for USART_IntConfig
    usart1.o(i.USART1_tx_data) refers to usart1.o(.bss) for .bss
    gpio.o(i.GPIO_Configuration) refers to ht32f5xxxx_ckcu.o(i.CKCU_PeripClockConfig) for CKCU_PeripClockConfig
    gpio.o(i.GPIO_Configuration) refers to ht32f5xxxx_gpio.o(i.GPIO_DirectionConfig) for GPIO_DirectionConfig
    gpio.o(i.GPIO_Configuration) refers to ht32f5xxxx_gpio.o(i.GPIO_InputConfig) for GPIO_InputConfig
    gpio.o(i.GPIO_Configuration) refers to ht32f5xxxx_gpio.o(i.GPIO_PullResistorConfig) for GPIO_PullResistorConfig
    gpio.o(i.GPIO_Configuration) refers to ht32f5xxxx_gpio.o(i.GPIO_ClearOutBits) for GPIO_ClearOutBits
    gpio.o(i.GPIO_Configuration) refers to ht32f5xxxx_gpio.o(i.GPIO_OpenDrainConfig) for GPIO_OpenDrainConfig
    i2c0.o(i.I2C0_Configuration) refers to ht32f5xxxx_ckcu.o(i.CKCU_PeripClockConfig) for CKCU_PeripClockConfig
[...]
    ../clib/scanf.c                          0x00000000   Number         0  scanf_fp.o ABSOLUTE
    ../clib/scanf.c                          0x00000000   Number         0  _sgetc.o ABSOLUTE
    ../clib/scanf.c                          0x00000000   Number         0  strtod.o ABSOLUTE
    ../clib/scanf.c                          0x00000000   Number         0  scanf_char.o ABSOLUTE
    ../fplib/microlib/d2f.c                  0x00000000   Number         0  d2f.o ABSOLUTE
    ../fplib/microlib/f2d.c                  0x00000000   Number         0  f2d.o ABSOLUTE
    ../fplib/microlib/fpadd.c                0x00000000   Number         0  dadd.o ABSOLUTE
    ../fplib/microlib/fpadd.c                0x00000000   Number         0  fadd.o ABSOLUTE
    ../fplib/microlib/fpdiv.c                0x00000000   Number         0  ddiv.o ABSOLUTE
    ../fplib/microlib/fpdiv.c                0x00000000   Number         0  fdiv.o ABSOLUTE
    ../fplib/microlib/fpepilogue.c           0x00000000   Number         0  depilogue.o ABSOLUTE
    ../fplib/microlib/fpepilogue.c           0x00000000   Number         0  fepilogue.o ABSOLUTE
    ../fplib/microlib/fpfix.c                0x00000000   Number         0  dfixul.o ABSOLUTE
    ../fplib/microlib/fpfix.c                0x00000000   Number         0  dfixi.o ABSOLUTE
    ../fplib/microlib/fpfix.c                0x00000000   Number         0  ffixui.o ABSOLUTE
    ../fplib/microlib/fpflt.c                0x00000000   Number         0  fflti.o ABSOLUTE
    ../fplib/microlib/fpflt.c                0x00000000   Number         0  dfltul.o ABSOLUTE
    ../fplib/microlib/fpflt.c                0x00000000   Number         0  dflti.o ABSOLUTE
    ../fplib/microlib/fpflt.c                0x00000000   Number         0  ffltui.o ABSOLUTE
    ../fplib/microlib/fpmul.c                0x00000000   Number         0  dmul.o ABSOLUTE
    ../fplib/microlib/fpmul.c                0x00000000   Number         0  fmul.o ABSOLUTE
    ../fplib/microlib/fpscalb.c              0x00000000   Number         0  dscalb.o ABSOLUTE
    ../fplib/microlib/fpscalb.c              0x00000000   Number         0  fscalb.o ABSOLUTE
    ../fplib/microlib/fpsqrt.c               0x00000000   Number         0  fsqrt.o ABSOLUTE
    ../mathlib/asinf.c                       0x00000000   Number         0  asinf.o ABSOLUTE
    ../mathlib/asinf.c                       0x00000000   Number         0  asinf_x.o ABSOLUTE
    ../mathlib/atan2f.c                      0x00000000   Number         0  atan2f.o ABSOLUTE
    ../mathlib/atan2f.c                      0x00000000   Number         0  atan2f_x.o ABSOLUTE
    ../mathlib/fpclassifyf.c                 0x00000000   Number         0  fpclassifyf.o ABSOLUTE
    ../mathlib/funder.c                      0x00000000   Number         0  funder.o ABSOLUTE
    ../mathlib/sqrtf.c                       0x00000000   Number         0  sqrtf_x.o ABSOLUTE
    ../mathlib/sqrtf.c                       0x00000000   Number         0  sqrtf.o ABSOLUTE
    ../mathlib/strtod.c                      0x00000000   Number         0  strtod.o ABSOLUTE
    ..\..\library\HT32F5xxxx_Driver\src\ht32_cm0plus_misc.c 0x00000000   Number         0  ht32_cm0plus_misc.o ABSOLUTE
    ..\..\library\HT32F5xxxx_Driver\src\ht32_retarget.c 0x00000000   Number         0  ht32_retarget.o ABSOLUTE
    ..\..\library\HT32F5xxxx_Driver\src\ht32_serial.c 0x00000000   Number         0  ht32_serial.o ABSOLUTE
    ..\..\library\HT32F5xxxx_Driver\src\ht32f5xxxx_adc.c 0x00000000   Number         0  ht32f5xxxx_adc.o ABSOLUTE
    ..\..\library\HT32F5xxxx_Driver\src\ht32f5xxxx_bftm.c 0x00000000   Number         0  ht32f5xxxx_bftm.o ABSOLUTE
    ..\..\library\HT32F5xxxx_Driver\src\ht32f5xxxx_ckcu.c 0x00000000   Number         0  ht32f5xxxx_ckcu.o ABSOLUTE
    ..\..\library\HT32F5xxxx_Driver\src\ht32f5xxxx_cmp.c 0x00000000   Number         0  ht32f5xxxx_cmp.o ABSOLUTE
    ..\..\library\HT32F5xxxx_Driver\src\ht32f5xxxx_crc.c 0x00000000   Number         0  ht32f5xxxx_crc.o ABSOLUTE
    ..\..\library\HT32F5xxxx_Driver\src\ht32f5xxxx_ebi.c 0x00000000   Number         0  ht32f5xxxx_ebi.o ABSOLUTE
    ..\..\library\HT32F5xxxx_Driver\src\ht32f5xxxx_exti.c 0x00000000   Number         0  ht32f5xxxx_exti.o ABSOLUTE
    ..\..\library\HT32F5xxxx_Driver\src\ht32f5xxxx_flash.c 0x00000000   Number         0  ht32f5xxxx_flash.o ABSOLUTE
    ..\..\library\HT32F5xxxx_Driver\src\ht32f5xxxx_gpio.c 0x00000000   Number         0  ht32f5xxxx_gpio.o ABSOLUTE
    ..\..\library\HT32F5xxxx_Driver\src\ht32f5xxxx_i2c.c 0x00000000   Number         0  ht32f5xxxx_i2c.o ABSOLUTE
    ..\..\library\HT32F5xxxx_Driver\src\ht32f5xxxx_i2s.c 0x00000000   Number         0  ht32f5xxxx_i2s.o ABSOLUTE
    ..\..\library\HT32F5xxxx_Driver\src\ht32f5xxxx_mctm.c 0x00000000   Number         0  ht32f5xxxx_mctm.o ABSOLUTE
    ..\..\library\HT32F5xxxx_Driver\src\ht32f5xxxx_pdma.c 0x00000000   Number         0  ht32f5xxxx_pdma.o ABSOLUTE
    ..\..\library\HT32F5xxxx_Driver\src\ht32f5xxxx_pwrcu.c 0x00000000   Number         0  ht32f5xxxx_pwrcu.o ABSOLUTE
    ..\..\library\HT32F5xxxx_Driver\src\ht32f5xxxx_rstcu.c 0x00000000   Number         0  ht32f5xxxx_rstcu.o ABSOLUTE
    ..\..\library\HT32F5xxxx_Driver\src\ht32f5xxxx_rtc.c 0x00000000   Number         0  ht32f5xxxx_rtc.o ABSOLUTE
    ..\..\library\HT32F5xxxx_Driver\src\ht32f5xxxx_sci.c 0x00000000   Number         0  ht32f5xxxx_sci.o ABSOLUTE
    ..\..\library\HT32F5xxxx_Driver\src\ht32f5xxxx_spi.c 0x00000000   Number         0  ht32f5xxxx_spi.o ABSOLUTE
    ..\..\library\HT32F5xxxx_Driver\src\ht32f5xxxx_tm.c 0x00000000   Number         0  ht32f5xxxx_tm.o ABSOLUTE
    ..\..\library\HT32F5xxxx_Driver\src\ht32f5xxxx_usart.c 0x00000000   Number         0  ht32f5xxxx_usart.o ABSOLUTE
    ..\..\library\HT32F5xxxx_Driver\src\ht32f5xxxx_usbd.c 0x00000000   Number         0  ht32f5xxxx_usbd.o ABSOLUTE
    ..\..\library\HT32F5xxxx_Driver\src\ht32f5xxxx_wdt.c 0x00000000   Number         0  ht32f5xxxx_wdt.o ABSOLUTE
    ..\..\utilities\common\ebi_lcd.c         0x00000000   Number         0  ebi_lcd.o ABSOLUTE
    ..\..\utilities\common\i2c_eeprom.c      0x00000000   Number         0  i2c_eeprom.o ABSOLUTE
    ..\..\utilities\common\spi_flash.c       0x00000000   Number         0  spi_flash.o ABSOLUTE
    ..\..\utilities\ht32_board.c             0x00000000   Number         0  ht32_board.o ABSOLUTE
    ..\App\AT_Manage.c                       0x00000000   Number         0  at_manage.o ABSOLUTE
    ..\App\Change_Code.c                     0x00000000   Number         0  change_code.o ABSOLUTE
    ..\App\Delay.c                           0x00000000   Number         0  delay.o ABSOLUTE
    ..\App\IMU.c                             0x00000000   Number         0  imu.o ABSOLUTE
    ..\App\MQTT_Analyse.c                    0x00000000   Number         0  mqtt_analyse.o ABSOLUTE
    ..\App\algorithm.c                       0x00000000   Number         0  algorithm.o ABSOLUTE
    ..\App\cJSON.c                           0x00000000   Number         0  cjson.o ABSOLUTE
    ..\Drivers\ATGM336H.c                    0x00000000   Number         0  atgm336h.o ABSOLUTE
    ..\Drivers\Air724.c                      0x00000000   Number         0  air724.o ABSOLUTE
    ..\Drivers\MAX30102.c                    0x00000000   Number         0  max30102.o ABSOLUTE
    ..\Drivers\OLED.c                        0x00000000   Number         0  oled.o ABSOLUTE
    ..\Drivers\QMI8658A.c                    0x00000000   Number         0  qmi8658a.o ABSOLUTE
    ..\EXTI.c                                0x00000000   Number         0  exti.o ABSOLUTE
    ..\GPIO.c                                0x00000000   Number         0  gpio.o ABSOLUTE
    ..\I2C0.c                                0x00000000   Number         0  i2c0.o ABSOLUTE
    ..\I2C1.c                                0x00000000   Number         0  i2c1.o ABSOLUTE
    ..\UART0.c                               0x00000000   Number         0  uart0.o ABSOLUTE
    ..\USART0.c                              0x00000000   Number         0  usart0.o ABSOLUTE
    ..\USART1.c                              0x00000000   Number         0  usart1.o ABSOLUTE
    ..\\..\\library\\HT32F5xxxx_Driver\\src\\ht32_cm0plus_misc.c 0x00000000   Number         0  ht32_cm0plus_misc.o ABSOLUTE
    ..\\..\\library\\HT32F5xxxx_Driver\\src\\ht32_retarget.c 0x00000000   Number         0  ht32_retarget.o ABSOLUTE
    ..\\..\\library\\HT32F5xxxx_Driver\\src\\ht32_serial.c 0x00000000   Number         0  ht32_serial.o ABSOLUTE
    ..\\..\\library\\HT32F5xxxx_Driver\\src\\ht32f5xxxx_adc.c 0x00000000   Number         0  ht32f5xxxx_adc.o ABSOLUTE
    ..\\..\\library\\HT32F5xxxx_Driver\\src\\ht32f5xxxx_bftm.c 0x00000000   Number         0  ht32f5xxxx_bftm.o ABSOLUTE
    ..\\..\\library\\HT32F5xxxx_Driver\\src\\ht32f5xxxx_ckcu.c 0x00000000   Number         0  ht32f5xxxx_ckcu.o ABSOLUTE
    ..\\..\\library\\HT32F5xxxx_Driver\\src\\ht32f5xxxx_cmp.c 0x00000000   Number         0  ht32f5xxxx_cmp.o ABSOLUTE
    ..\\..\\library\\HT32F5xxxx_Driver\\src\\ht32f5xxxx_crc.c 0x00000000   Number         0  ht32f5xxxx_crc.o ABSOLUTE
    ..\\..\\library\\HT32F5xxxx_Driver\\src\\ht32f5xxxx_ebi.c 0x00000000   Number         0  ht32f5xxxx_ebi.o ABSOLUTE
    ..\\..\\library\\HT32F5xxxx_Driver\\src\\ht32f5xxxx_exti.c 0x00000000   Number         0  ht32f5xxxx_exti.o ABSOLUTE
    ..\\..\\library\\HT32F5xxxx_Driver\\src\\ht32f5xxxx_flash.c 0x00000000   Number         0  ht32f5xxxx_flash.o ABSOLUTE
    ..\\..\\library\\HT32F5xxxx_Driver\\src\\ht32f5xxxx_gpio.c 0x00000000   Number         0  ht32f5xxxx_gpio.o ABSOLUTE
    ..\\..\\library\\HT32F5xxxx_Driver\\src\\ht32f5xxxx_i2c.c 0x00000000   Number         0  ht32f5xxxx_i2c.o ABSOLUTE
    ..\\..\\library\\HT32F5xxxx_Driver\\src\\ht32f5xxxx_i2s.c 0x00000000   Number         0  ht32f5xxxx_i2s.o ABSOLUTE
    ..\\..\\library\\HT32F5xxxx_Driver\\src\\ht32f5xxxx_mctm.c 0x00000000   Number         0  ht32f5xxxx_mctm.o ABSOLUTE
    ..\\..\\library\\HT32F5xxxx_Driver\\src\\ht32f5xxxx_pdma.c 0x00000000   Number         0  ht32f5xxxx_pdma.o ABSOLUTE
    ..\\..\\library\\HT32F5xxxx_Driver\\src\\ht32f5xxxx_pwrcu.c 0x00000000   Number         0  ht32f5xxxx_pwrcu.o ABSOLUTE
    ..\\..\\library\\HT32F5xxxx_Driver\\src\\ht32f5xxxx_rstcu.c 0x00000000   Number         0  ht32f5xxxx_rstcu.o ABSOLUTE
    ..\\..\\library\\HT32F5xxxx_Driver\\src\\ht32f5xxxx_rtc.c 0x00000000   Number         0  ht32f5xxxx_rtc.o ABSOLUTE
    ..\\..\\library\\HT32F5xxxx_Driver\\src\\ht32f5xxxx_sci.c 0x00000000   Number         0  ht32f5xxxx_sci.o ABSOLUTE
    ..\\..\\library\\HT32F5xxxx_Driver\\src\\ht32f5xxxx_spi.c 0x00000000   Number         0  ht32f5xxxx_spi.o ABSOLUTE
    ..\\..\\library\\HT32F5xxxx_Driver\\src\\ht32f5xxxx_tm.c 0x00000000   Number         0  ht32f5xxxx_tm.o ABSOLUTE
    ..\\..\\library\\HT32F5xxxx_Driver\\src\\ht32f5xxxx_usart.c 0x00000000   Number         0  ht32f5xxxx_usart.o ABSOLUTE
    ..\\..\\library\\HT32F5xxxx_Driver\\src\\ht32f5xxxx_usbd.c 0x00000000   Number         0  ht32f5xxxx_usbd.o ABSOLUTE
    ..\\..\\library\\HT32F5xxxx_Driver\\src\\ht32f5xxxx_wdt.c 0x00000000   Number         0  ht32f5xxxx_wdt.o ABSOLUTE
    ..\\..\\utilities\\common\\ebi_lcd.c     0x00000000   Number         0  ebi_lcd.o ABSOLUTE
    ..\\..\\utilities\\common\\i2c_eeprom.c  0x00000000   Number         0  i2c_eeprom.o ABSOLUTE
    ..\\..\\utilities\\common\\spi_flash.c   0x00000000   Number         0  spi_flash.o ABSOLUTE
    ..\\..\\utilities\\ht32_board.c          0x00000000   Number         0  ht32_board.o ABSOLUTE
    ..\\App\\AT_Manage.c                     0x00000000   Number         0  at_manage.o ABSOLUTE
    ..\\App\\Delay.c                         0x00000000   Number         0  delay.o ABSOLUTE
    ..\\App\\MQTT_Analyse.c                  0x00000000   Number         0  mqtt_analyse.o ABSOLUTE
    ..\\App\\algorithm.c                     0x00000000   Number         0  algorithm.o ABSOLUTE
    ..\\Drivers\\ATGM336H.c                  0x00000000   Number         0  atgm336h.o ABSOLUTE
    ..\\Drivers\\Air724.c                    0x00000000   Number         0  air724.o ABSOLUTE
    ..\\Drivers\\MAX30102.c                  0x00000000   Number         0  max30102.o ABSOLUTE
    ..\\Drivers\\OLED.c                      0x00000000   Number         0  oled.o ABSOLUTE
    ..\\Drivers\\QMI8658A.c                  0x00000000   Number         0  qmi8658a.o ABSOLUTE
    ..\\GPIO.c                               0x00000000   Number         0  gpio.o ABSOLUTE
    ..\\I2C0.c                               0x00000000   Number         0  i2c0.o ABSOLUTE
    ..\\I2C1.c                               0x00000000   Number         0  i2c1.o ABSOLUTE
    ..\\UART0.c                              0x00000000   Number         0  uart0.o ABSOLUTE
    ..\\USART0.c                             0x00000000   Number         0  usart0.o ABSOLUTE
    ..\\USART1.c                             0x00000000   Number         0  usart1.o ABSOLUTE
    ..\\ht32f5xxxx_01_it.c                   0x00000000   Number         0  ht32f5xxxx_01_it.o ABSOLUTE
    ..\\main.c                               0x00000000   Number         0  main.o ABSOLUTE
    ..\\system_ht32f5xxxx_01.c               0x00000000   Number         0  system_ht32f5xxxx_01.o ABSOLUTE
    ..\ht32f5xxxx_01_it.c                    0x00000000   Number         0  ht32f5xxxx_01_it.o ABSOLUTE
    ..\main.c                                0x00000000   Number         0  main.o ABSOLUTE
    ..\system_ht32f5xxxx_01.c                0x00000000   Number         0  system_ht32f5xxxx_01.o ABSOLUTE
    cdcmple.s                                0x00000000   Number         0  cdcmple.o ABSOLUTE
    cdrcmple.s                               0x00000000   Number         0  cdrcmple.o ABSOLUTE
    dc.s                                     0x00000000   Number         0  dc.o ABSOLUTE
    handlers.s                               0x00000000   Number         0  handlers.o ABSOLUTE
    ht32_op.s                                0x00000000   Number         0  ht32_op.o ABSOLUTE
    init.s                                   0x00000000   Number         0  init.o ABSOLUTE
    startup_ht32f5xxxx_01.s                  0x00000000   Number         0  startup_ht32f5xxxx_01.o ABSOLUTE
    BootProcess                              0x000000cd   Thumb Code    94  startup_ht32f5xxxx_01.o(RESET)
    .ARM.Collect$$$$00000000                 0x00000164   Section        0  entry.o(.ARM.Collect$$$$00000000)
    .ARM.Collect$$$$00000001                 0x00000164   Section        4  entry2.o(.ARM.Collect$$$$00000001)
    .ARM.Collect$$$$00000004                 0x00000168   Section        4  entry5.o(.ARM.Collect$$$$00000004)
    .ARM.Collect$$$$00000008                 0x0000016c   Section        0  entry7b.o(.ARM.Collect$$$$00000008)
    .ARM.Collect$$$$0000000A                 0x0000016c   Section        0  entry8b.o(.ARM.Collect$$$$0000000A)
    .ARM.Collect$$$$0000000B                 0x0000016c   Section        8  entry9a.o(.ARM.Collect$$$$0000000B)
    .ARM.Collect$$$$0000000E                 0x00000174   Section        4  entry12b.o(.ARM.Collect$$$$0000000E)
    .ARM.Collect$$$$0000000F                 0x00000178   Section        0  entry10a.o(.ARM.Collect$$$$0000000F)
    .ARM.Collect$$$$00000011                 0x00000178   Section        0  entry11a.o(.ARM.Collect$$$$00000011)
    .ARM.Collect$$$$00002712                 0x00000178   Section        4  entry2.o(.ARM.Collect$$$$00002712)
    __lit__00000000                          0x00000178   Data           4  entry2.o(.ARM.Collect$$$$00002712)
    .text                                    0x0000017c   Section        0  uidiv.o(.text)
    .text                                    0x000001a8   Section        0  memcpya.o(.text)
    .text                                    0x000001cc   Section        0  memseta.o(.text)
    .text                                    0x000001f0   Section        0  strcat.o(.text)
    .text                                    0x00000208   Section        0  strstr.o(.text)
    .text                                    0x00000230   Section        0  strncpy.o(.text)
    .text                                    0x0000024a   Section        0  strcmp.o(.text)
    .text                                    0x00000266   Section        0  strcpy.o(.text)
    .text                                    0x00000278   Section        0  strtok.o(.text)
    .text                                    0x000002c0   Section        0  strcspn.o(.text)
    .text                                    0x000002e4   Section        0  scanf_fp.o(.text)
    _fp_value                                0x000002e5   Thumb Code   286  scanf_fp.o(.text)
    .text                                    0x00000658   Section        0  fadd.o(.text)
    .text                                    0x0000070a   Section        0  fmul.o(.text)
    .text                                    0x00000784   Section        0  fdiv.o(.text)
    .text                                    0x00000800   Section        0  fscalb.o(.text)
    .text                                    0x00000818   Section        0  dadd.o(.text)
    .text                                    0x00000980   Section        0  fflti.o(.text)
    .text                                    0x00000996   Section        0  ffltui.o(.text)
    .text                                    0x000009a4   Section        0  ffixui.o(.text)
    .text                                    0x000009cc   Section        0  f2d.o(.text)
    .text                                    0x000009f4   Section       40  cdrcmple.o(.text)
    .text                                    0x00000a1c   Section        0  d2f.o(.text)
    .text                                    0x00000a54   Section        0  uldiv.o(.text)
    .text                                    0x00000ab4   Section        0  llmul.o(.text)
    .text                                    0x00000b2e   Section        0  llshl.o(.text)
    .text                                    0x00000b4e   Section        0  llushr.o(.text)
    .text                                    0x00000b70   Section        0  llsshr.o(.text)
    .text                                    0x00000b96   Section        0  _sgetc.o(.text)
    .text                                    0x00000bdc   Section        0  strtod.o(.text)
    _local_sscanf                            0x00000bdd   Thumb Code    54  strtod.o(.text)
    .text                                    0x00000c80   Section        0  iusefp.o(.text)
    .text                                    0x00000c80   Section        0  fepilogue.o(.text)
    .text                                    0x00000d02   Section        0  depilogue.o(.text)
    .text                                    0x00000dc0   Section        0  dmul.o(.text)
    .text                                    0x00000e90   Section        0  ddiv.o(.text)
    .text                                    0x00000f80   Section        0  dfltul.o(.text)
    .text                                    0x00000f9c   Section        0  dfixul.o(.text)
    .text                                    0x00000fdc   Section       36  init.o(.text)
    .text                                    0x00001000   Section        0  isspace_c.o(.text)
    .text                                    0x0000100e   Section        0  fsqrt.o(.text)
    .text                                    0x00001068   Section        0  ctype_c.o(.text)
    i.AFIO_GPxConfig                         0x0000108c   Section        0  ht32f5xxxx_gpio.o(i.AFIO_GPxConfig)
    i.ATGM_AnalyseLocation                   0x000010e0   Section        0  atgm336h.o(i.ATGM_AnalyseLocation)
    i.ATGM_Init                              0x00001220   Section        0  atgm336h.o(i.ATGM_Init)
    i.ATGM_TransforLocation                  0x00001238   Section        0  atgm336h.o(i.ATGM_TransforLocation)
    i.CKCU_GetClocksFrequency                0x00001458   Section        0  ht32f5xxxx_ckcu.o(i.CKCU_GetClocksFrequency)
    i.CKCU_GetPLLFrequency                   0x000014b0   Section        0  ht32f5xxxx_ckcu.o(i.CKCU_GetPLLFrequency)
    i.CKCU_GetPeripFrequency                 0x000014ec   Section        0  ht32f5xxxx_ckcu.o(i.CKCU_GetPeripFrequency)
    i.CKCU_PeripClockConfig                  0x00001520   Section        0  ht32f5xxxx_ckcu.o(i.CKCU_PeripClockConfig)
    i.Delay_ms                               0x00001548   Section        0  delay.o(i.Delay_ms)
    i.Delay_s                                0x000015a0   Section        0  delay.o(i.Delay_s)
    i.GPIO_ClearOutBits                      0x000015b6   Section        0  ht32f5xxxx_gpio.o(i.GPIO_ClearOutBits)
    i.GPIO_Configuration                     0x000015bc   Section        0  gpio.o(i.GPIO_Configuration)
    i.GPIO_DirectionConfig                   0x0000163c   Section        0  ht32f5xxxx_gpio.o(i.GPIO_DirectionConfig)
    i.GPIO_InputConfig                       0x0000164c   Section        0  ht32f5xxxx_gpio.o(i.GPIO_InputConfig)
    i.GPIO_OpenDrainConfig                   0x0000165c   Section        0  ht32f5xxxx_gpio.o(i.GPIO_OpenDrainConfig)
    i.GPIO_PullResistorConfig                0x0000166c   Section        0  ht32f5xxxx_gpio.o(i.GPIO_PullResistorConfig)
    i.GPIO_ReadInBit                         0x0000168c   Section        0  ht32f5xxxx_gpio.o(i.GPIO_ReadInBit)
    i.GPIO_SetOutBits                        0x00001696   Section        0  ht32f5xxxx_gpio.o(i.GPIO_SetOutBits)
    i.HardFault_Handler                      0x0000169a   Section        0  ht32f5xxxx_01_it.o(i.HardFault_Handler)
    i.I2C0_IRQHandler                        0x0000169c   Section        0  i2c0.o(i.I2C0_IRQHandler)
    i.I2C1_Configuration                     0x000017b0   Section        0  i2c1.o(i.I2C1_Configuration)
    i.I2C1_IRQHandler                        0x00001838   Section        0  i2c1.o(i.I2C1_IRQHandler)
    i.I2C1_TargetAddressConfig               0x0000194c   Section        0  i2c1.o(i.I2C1_TargetAddressConfig)
    I2C1_TargetAddressConfig                 0x0000194d   Thumb Code    20  i2c1.o(i.I2C1_TargetAddressConfig)
    i.I2C1_check_lock                        0x00001964   Section        0  i2c1.o(i.I2C1_check_lock)
    i.I2C1_initial                           0x0000199c   Section        0  i2c1.o(i.I2C1_initial)
    i.I2C1_read                              0x00001a00   Section        0  i2c1.o(i.I2C1_read)
    i.I2C1_read_waiting                      0x00001a68   Section        0  i2c1.o(i.I2C1_read_waiting)
    i.I2C1_unlock                            0x00001a8c   Section        0  i2c1.o(i.I2C1_unlock)
    i.I2C1_write                             0x00001b8c   Section        0  i2c1.o(i.I2C1_write)
    i.I2C1_write_waiting                     0x00001bbc   Section        0  i2c1.o(i.I2C1_write_waiting)
    i.I2C_AckCmd                             0x00001be0   Section        0  ht32f5xxxx_i2c.o(i.I2C_AckCmd)
    i.I2C_ClearFlag                          0x00001bf4   Section        0  ht32f5xxxx_i2c.o(i.I2C_ClearFlag)
    i.I2C_Cmd                                0x00001bf8   Section        0  ht32f5xxxx_i2c.o(i.I2C_Cmd)
    i.I2C_GenerateSTOP                       0x00001c0a   Section        0  ht32f5xxxx_i2c.o(i.I2C_GenerateSTOP)
    i.I2C_Init                               0x00001c14   Section        0  ht32f5xxxx_i2c.o(i.I2C_Init)
    i.I2C_IntConfig                          0x00001cb4   Section        0  ht32f5xxxx_i2c.o(i.I2C_IntConfig)
    i.I2C_ReadRegister                       0x00001cc4   Section        0  ht32f5xxxx_i2c.o(i.I2C_ReadRegister)
    i.I2C_ReceiveData                        0x00001cce   Section        0  ht32f5xxxx_i2c.o(i.I2C_ReceiveData)
    i.I2C_SendData                           0x00001cd4   Section        0  ht32f5xxxx_i2c.o(i.I2C_SendData)
    i.NMI_Handler                            0x00001cd8   Section        0  ht32f5xxxx_01_it.o(i.NMI_Handler)
    i.PendSV_Handler                         0x00001cda   Section        0  ht32f5xxxx_01_it.o(i.PendSV_Handler)
    i.QMI_Calibration                        0x00001cdc   Section        0  qmi8658a.o(i.QMI_Calibration)
    i.QMI_CheckWhoAmI                        0x00001d04   Section        0  qmi8658a.o(i.QMI_CheckWhoAmI)
    i.QMI_ConfigACC                          0x00001d64   Section        0  qmi8658a.o(i.QMI_ConfigACC)
    i.QMI_ConfigGYRO                         0x00001de0   Section        0  qmi8658a.o(i.QMI_ConfigGYRO)
    i.QMI_ConfigReg                          0x00001e88   Section        0  qmi8658a.o(i.QMI_ConfigReg)
    i.QMI_EnableSensors                      0x00001ee8   Section        0  qmi8658a.o(i.QMI_EnableSensors)
    i.QMI_Init                               0x00001f08   Section        0  qmi8658a.o(i.QMI_Init)
    i.QMI_ReadByte                           0x00001f64   Section        0  qmi8658a.o(i.QMI_ReadByte)
    i.QMI_ReadNBytes                         0x00001f82   Section        0  qmi8658a.o(i.QMI_ReadNBytes)
    i.QMI_ReadSensorData                     0x00001f98   Section        0  qmi8658a.o(i.QMI_ReadSensorData)
    i.QMI_ReadXYZ                            0x00002174   Section        0  qmi8658a.o(i.QMI_ReadXYZ)
    i.QMI_Reset                              0x000021e0   Section        0  qmi8658a.o(i.QMI_Reset)
    i.QMI_WriteByte                          0x000021f4   Section        0  qmi8658a.o(i.QMI_WriteByte)
    i.RSTCU_PeripReset                       0x00002210   Section        0  ht32f5xxxx_rstcu.o(i.RSTCU_PeripReset)
    i.SERIAL_PutChar                         0x00002238   Section        0  ht32_serial.o(i.SERIAL_PutChar)
    i.SVC_Handler                            0x0000224c   Section        0  ht32f5xxxx_01_it.o(i.SVC_Handler)
    i.SYSTICK_ClockSourceConfig              0x00002250   Section        0  ht32_cm0plus_misc.o(i.SYSTICK_ClockSourceConfig)
    i.SYSTICK_CounterCmd                     0x00002268   Section        0  ht32_cm0plus_misc.o(i.SYSTICK_CounterCmd)
    i.SYSTICK_IntConfig                      0x0000228c   Section        0  ht32_cm0plus_misc.o(i.SYSTICK_IntConfig)
    i.SYSTICK_SetReloadValue                 0x000022a4   Section        0  ht32_cm0plus_misc.o(i.SYSTICK_SetReloadValue)
    i.SystemInit                             0x000022b0   Section        0  system_ht32f5xxxx_01.o(i.SystemInit)
    i.UART0_Configuration                    0x000023ac   Section        0  uart0.o(i.UART0_Configuration)
    i.USART0_ClearBuffer                     0x0000241c   Section        0  usart0.o(i.USART0_ClearBuffer)
    i.USART0_Configuration                   0x00002434   Section        0  usart0.o(i.USART0_Configuration)
    i.USART0_IRQHandler                      0x000024b0   Section        0  usart0.o(i.USART0_IRQHandler)
    i.USART0_init_buffer                     0x00002574   Section        0  usart0.o(i.USART0_init_buffer)
    i.USART1_Configuration                   0x00002590   Section        0  usart1.o(i.USART1_Configuration)
    i.USART1_IRQHandler                      0x00002614   Section        0  usart1.o(i.USART1_IRQHandler)
    i.USART1_init_buffer                     0x00002690   Section        0  usart1.o(i.USART1_init_buffer)
    i.USART_Init                             0x000026ac   Section        0  ht32f5xxxx_usart.o(i.USART_Init)
    i.USART_IntConfig                        0x00002708   Section        0  ht32f5xxxx_usart.o(i.USART_IntConfig)
    i.USART_ReceiveData                      0x00002718   Section        0  ht32f5xxxx_usart.o(i.USART_ReceiveData)
    i.USART_SendData                         0x0000271e   Section        0  ht32f5xxxx_usart.o(i.USART_SendData)
    i.USART_TxRxCmd                          0x00002722   Section        0  ht32f5xxxx_usart.o(i.USART_TxRxCmd)
    i.WDT_Restart                            0x00002738   Section        0  ht32f5xxxx_wdt.o(i.WDT_Restart)
    i.__0printf                              0x00002748   Section        0  printfa.o(i.__0printf)
    i.__ARM_clz                              0x00002768   Section        0  depilogue.o(i.__ARM_clz)
    i.__ARM_common_switch8                   0x00002796   Section        0  ht32f5xxxx_ckcu.o(i.__ARM_common_switch8)
    i.__ARM_fpclassifyf                      0x000027b0   Section        0  fpclassifyf.o(i.__ARM_fpclassifyf)
    i.__NVIC_EnableIRQ                       0x000027d4   Section        0  usart1.o(i.__NVIC_EnableIRQ)
    __NVIC_EnableIRQ                         0x000027d5   Thumb Code    18  usart1.o(i.__NVIC_EnableIRQ)
    i.__NVIC_EnableIRQ                       0x000027ec   Section        0  usart0.o(i.__NVIC_EnableIRQ)
    __NVIC_EnableIRQ                         0x000027ed   Thumb Code    18  usart0.o(i.__NVIC_EnableIRQ)
    i.__free$realloc                         0x00002804   Section        0  mallocr.o(i.__free$realloc)
    i.__malloc$realloc                       0x00002868   Section        0  mallocr.o(i.__malloc$realloc)
    i.__mathlib_flt_infnan                   0x000028b0   Section        0  funder.o(i.__mathlib_flt_infnan)
    i.__mathlib_flt_infnan2                  0x000028ba   Section        0  funder.o(i.__mathlib_flt_infnan2)
    i.__mathlib_flt_invalid                  0x000028c2   Section        0  funder.o(i.__mathlib_flt_invalid)
    i.__mathlib_flt_underflow                0x000028ce   Section        0  funder.o(i.__mathlib_flt_underflow)
    i.__scatterload_copy                     0x000028dc   Section       14  handlers.o(i.__scatterload_copy)
    i.__scatterload_null                     0x000028ea   Section        2  handlers.o(i.__scatterload_null)
    i.__scatterload_zeroinit                 0x000028ec   Section       14  handlers.o(i.__scatterload_zeroinit)
    i.__set_errno                            0x000028fc   Section        0  errno.o(i.__set_errno)
    i._fp_digits                             0x00002908   Section        0  printfa.o(i._fp_digits)
    _fp_digits                               0x00002909   Thumb Code   344  printfa.o(i._fp_digits)
    i._is_digit                              0x00002a7c   Section        0  scanf_fp.o(i._is_digit)
    i._printf_core                           0x00002a8c   Section        0  printfa.o(i._printf_core)
    _printf_core                             0x00002a8d   Thumb Code  1760  printfa.o(i._printf_core)
    i._printf_post_padding                   0x0000317c   Section        0  printfa.o(i._printf_post_padding)
    _printf_post_padding                     0x0000317d   Thumb Code    32  printfa.o(i._printf_post_padding)
    i._printf_pre_padding                    0x0000319c   Section        0  printfa.o(i._printf_pre_padding)
    _printf_pre_padding                      0x0000319d   Thumb Code    44  printfa.o(i._printf_pre_padding)
    i.asinf                                  0x000031c8   Section        0  asinf.o(i.asinf)
    i.atan2f                                 0x000032e0   Section        0  atan2f.o(i.atan2f)
    i.fputc                                  0x0000357c   Section        0  ht32_retarget.o(i.fputc)
    i.imu_computerotationmatrix              0x00003584   Section        0  imu.o(i.imu_computerotationmatrix)
    i.imu_get_eulerian_angles                0x000036a8   Section        0  imu.o(i.imu_get_eulerian_angles)
    i.imu_inv_sqrt                           0x000039d8   Section        0  imu.o(i.imu_inv_sqrt)
    imu_inv_sqrt                             0x000039d9   Thumb Code    46  imu.o(i.imu_inv_sqrt)
    i.internal_alloc                         0x00003a0c   Section        0  mallocr.o(i.internal_alloc)
    internal_alloc                           0x00003a0d   Thumb Code    74  mallocr.o(i.internal_alloc)
    i.main                                   0x00003a5c   Section        0  main.o(i.main)
    i.sqrtf                                  0x00003b10   Section        0  sqrtf.o(i.sqrtf)
    i.strtod                                 0x00003b3c   Section        0  strtod.o(i.strtod)
    .constdata                               0x00003b58   Section       64  ctype_c.o(.constdata)
    .data                                    0x20000000   Section        2  i2c0.o(.data)
    .data                                    0x20000002   Section        1  usart0.o(.data)
    .data                                    0x20000004   Section        2  i2c1.o(.data)
    .data                                    0x20000008   Section        4  system_ht32f5xxxx_01.o(.data)
    .data                                    0x2000000c   Section        4  ht32_retarget.o(.data)
    .data                                    0x20000010   Section        8  qmi8658a.o(.data)
    cali_count                               0x20000014   Data           4  qmi8658a.o(.data)
    .data                                    0x20000018   Section       40  imu.o(.data)
    uiPostureInitWaitTimer                   0x20000018   Data           2  imu.o(.data)
    q0                                       0x20000030   Data           4  imu.o(.data)
    q1                                       0x20000034   Data           4  imu.o(.data)
    q2                                       0x20000038   Data           4  imu.o(.data)
    q3                                       0x2000003c   Data           4  imu.o(.data)
    .data                                    0x20000040   Section        4  strtok.o(.data)
    state                                    0x20000040   Data           4  strtok.o(.data)
    .data                                    0x20000044   Section        4  mvars.o(.data)
    .data                                    0x20000048   Section        4  mvars.o(.data)
    .data                                    0x2000004c   Section        4  errno.o(.data)
    _errno                                   0x2000004c   Data           4  errno.o(.data)
    .bss                                     0x20000050   Section      526  usart1.o(.bss)
    .bss                                     0x20000260   Section       24  i2c0.o(.bss)
    .bss                                     0x20000278   Section      526  usart0.o(.bss)
    .bss                                     0x20000488   Section       24  i2c1.o(.bss)
    .bss                                     0x200004a0   Section      272  atgm336h.o(.bss)
    .bss                                     0x200005b0   Section       84  qmi8658a.o(.bss)
    offset_acc                               0x200005b0   Data          12  qmi8658a.o(.bss)
    offset_gyro                              0x200005bc   Data          12  qmi8658a.o(.bss)
    accel_calibration_sum                    0x200005c8   Data          12  qmi8658a.o(.bss)
    gyro_calibration_sum                     0x200005d4   Data          12  qmi8658a.o(.bss)
    .bss                                     0x20000604   Section       36  imu.o(.bss)
    rMat                                     0x20000604   Data          36  imu.o(.bss)
    HEAP                                     0x20000628   Section     5120  startup_ht32f5xxxx_01.o(HEAP)
    STACK                                    0x20001a28   Section     3072  startup_ht32f5xxxx_01.o(STACK)

    Global Symbols

    Symbol Name                              Value     Ov Type        Size  Object(Section)

    BuildAttributes$$THM_ISAv3M$S$PE$A:L22$X:L11$S22$IEEE1$IW$USESV6$~STKCKD$USESV7$~SHL$OTIME$ROPI$IEEEX$EBA8$MICROLIB$REQ8$PRES8$EABIv2 0x00000000   Number         0  anon$$obj.o ABSOLUTE
    __ARM_use_no_argv                        0x00000000   Number         0  main.o ABSOLUTE
    __Vectors                                0x00000000   Data           0  startup_ht32f5xxxx_01.o(RESET)
    __use_no_errno                           0x00000000   Number         0  useno.o ABSOLUTE
    __use_no_exception_handling              0x00000000   Number         0  useno.o ABSOLUTE
    __use_no_fp                              0x00000000   Number         0  useno.o ABSOLUTE
    __use_no_heap                            0x00000000   Number         0  useno.o ABSOLUTE
    __use_no_heap_region                     0x00000000   Number         0  useno.o ABSOLUTE
    __use_no_semihosting                     0x00000000   Number         0  useno.o ABSOLUTE
    __use_no_semihosting_swi                 0x00000000   Number         0  useno.o ABSOLUTE
    __use_no_signal_handling                 0x00000000   Number         0  useno.o ABSOLUTE
    _printf_a                                0x00000000   Number         0  stubs.o ABSOLUTE
    _printf_c                                0x00000000   Number         0  stubs.o ABSOLUTE
    _printf_charcount                        0x00000000   Number         0  stubs.o ABSOLUTE
    _printf_d                                0x00000000   Number         0  stubs.o ABSOLUTE
    _printf_e                                0x00000000   Number         0  stubs.o ABSOLUTE
    _printf_f                                0x00000000   Number         0  stubs.o ABSOLUTE
    _printf_flags                            0x00000000   Number         0  stubs.o ABSOLUTE
    _printf_fp_dec                           0x00000000   Number         0  stubs.o ABSOLUTE
    _printf_fp_hex                           0x00000000   Number         0  stubs.o ABSOLUTE
    _printf_g                                0x00000000   Number         0  stubs.o ABSOLUTE
    _printf_i                                0x00000000   Number         0  stubs.o ABSOLUTE
    _printf_int_dec                          0x00000000   Number         0  stubs.o ABSOLUTE
    _printf_l                                0x00000000   Number         0  stubs.o ABSOLUTE
    _printf_lc                               0x00000000   Number         0  stubs.o ABSOLUTE
    _printf_ll                               0x00000000   Number         0  stubs.o ABSOLUTE
    _printf_lld                              0x00000000   Number         0  stubs.o ABSOLUTE
    _printf_lli                              0x00000000   Number         0  stubs.o ABSOLUTE
    _printf_llo                              0x00000000   Number         0  stubs.o ABSOLUTE
    _printf_llu                              0x00000000   Number         0  stubs.o ABSOLUTE
    _printf_llx                              0x00000000   Number         0  stubs.o ABSOLUTE
    _printf_longlong_dec                     0x00000000   Number         0  stubs.o ABSOLUTE
    _printf_longlong_hex                     0x00000000   Number         0  stubs.o ABSOLUTE
    _printf_longlong_oct                     0x00000000   Number         0  stubs.o ABSOLUTE
    _printf_ls                               0x00000000   Number         0  stubs.o ABSOLUTE
    _printf_mbtowc                           0x00000000   Number         0  stubs.o ABSOLUTE
    _printf_n                                0x00000000   Number         0  stubs.o ABSOLUTE
    _printf_o                                0x00000000   Number         0  stubs.o ABSOLUTE
    _printf_p                                0x00000000   Number         0  stubs.o ABSOLUTE
    _printf_percent                          0x00000000   Number         0  stubs.o ABSOLUTE
    _printf_pre_padding                      0x00000000   Number         0  stubs.o ABSOLUTE
    _printf_return_value                     0x00000000   Number         0  stubs.o ABSOLUTE
    _printf_s                                0x00000000   Number         0  stubs.o ABSOLUTE
    _printf_sizespec                         0x00000000   Number         0  stubs.o ABSOLUTE
    _printf_str                              0x00000000   Number         0  stubs.o ABSOLUTE
    _printf_truncate_signed                  0x00000000   Number         0  stubs.o ABSOLUTE
    _printf_truncate_unsigned                0x00000000   Number         0  stubs.o ABSOLUTE
    _printf_u                                0x00000000   Number         0  stubs.o ABSOLUTE
    _printf_wc                               0x00000000   Number         0  stubs.o ABSOLUTE
    _printf_wctomb                           0x00000000   Number         0  stubs.o ABSOLUTE
    _printf_widthprec                        0x00000000   Number         0  stubs.o ABSOLUTE
    _printf_x                                0x00000000   Number         0  stubs.o ABSOLUTE
    __arm_fini_                               - Undefined Weak Reference
    __cpp_initialize__aeabi_                  - Undefined Weak Reference
    __cxa_finalize                            - Undefined Weak Reference
    __decompress                              - Undefined Weak Reference
    _clock_init                               - Undefined Weak Reference
    _microlib_exit                            - Undefined Weak Reference
    _scanf_int                                - Undefined Weak Reference
    _scanf_longlong                           - Undefined Weak Reference
    _scanf_string                             - Undefined Weak Reference
    Reset_Handler                            0x000000c1   Thumb Code    12  startup_ht32f5xxxx_01.o(RESET)
    SysTick_Handler                          0x00000133   Thumb Code     2  startup_ht32f5xxxx_01.o(RESET)
    ADC_IRQHandler                           0x00000135   Thumb Code     0  startup_ht32f5xxxx_01.o(RESET)
    AES_IRQHandler                           0x00000135   Thumb Code     0  startup_ht32f5xxxx_01.o(RESET)
    BFTM0_IRQHandler                         0x00000135   Thumb Code     0  startup_ht32f5xxxx_01.o(RESET)
    BFTM1_IRQHandler                         0x00000135   Thumb Code     0  startup_ht32f5xxxx_01.o(RESET)
    COMP_IRQHandler                          0x00000135   Thumb Code     0  startup_ht32f5xxxx_01.o(RESET)
    EVWUP_IRQHandler                         0x00000135   Thumb Code     0  startup_ht32f5xxxx_01.o(RESET)
    EXTI0_1_IRQHandler                       0x00000135   Thumb Code     0  startup_ht32f5xxxx_01.o(RESET)
    EXTI2_3_IRQHandler                       0x00000135   Thumb Code     0  startup_ht32f5xxxx_01.o(RESET)
    EXTI4_15_IRQHandler                      0x00000135   Thumb Code     0  startup_ht32f5xxxx_01.o(RESET)
    FLASH_IRQHandler                         0x00000135   Thumb Code     0  startup_ht32f5xxxx_01.o(RESET)
    GPTM0_IRQHandler                         0x00000135   Thumb Code     0  startup_ht32f5xxxx_01.o(RESET)
    GPTM1_IRQHandler                         0x00000135   Thumb Code     0  startup_ht32f5xxxx_01.o(RESET)
    I2C2_IRQHandler                          0x00000135   Thumb Code     0  startup_ht32f5xxxx_01.o(RESET)
    I2S_IRQHandler                           0x00000135   Thumb Code     0  startup_ht32f5xxxx_01.o(RESET)
    LVD_BOD_IRQHandler                       0x00000135   Thumb Code     0  startup_ht32f5xxxx_01.o(RESET)
    MCTM0_IRQHandler                         0x00000135   Thumb Code     0  startup_ht32f5xxxx_01.o(RESET)
    MIDI_IRQHandler                          0x00000135   Thumb Code     0  startup_ht32f5xxxx_01.o(RESET)
    PDMA_CH0_1_IRQHandler                    0x00000135   Thumb Code     0  startup_ht32f5xxxx_01.o(RESET)
    PDMA_CH2_5_IRQHandler                    0x00000135   Thumb Code     0  startup_ht32f5xxxx_01.o(RESET)
    PWM0_IRQHandler                          0x00000135   Thumb Code     0  startup_ht32f5xxxx_01.o(RESET)
    PWM1_IRQHandler                          0x00000135   Thumb Code     0  startup_ht32f5xxxx_01.o(RESET)
    QSPI_IRQHandler                          0x00000135   Thumb Code     0  startup_ht32f5xxxx_01.o(RESET)
    RTC_IRQHandler                           0x00000135   Thumb Code     0  startup_ht32f5xxxx_01.o(RESET)
    SCI_IRQHandler                           0x00000135   Thumb Code     0  startup_ht32f5xxxx_01.o(RESET)
    SCTM0_IRQHandler                         0x00000135   Thumb Code     0  startup_ht32f5xxxx_01.o(RESET)
    SCTM1_IRQHandler                         0x00000135   Thumb Code     0  startup_ht32f5xxxx_01.o(RESET)
    SCTM2_IRQHandler                         0x00000135   Thumb Code     0  startup_ht32f5xxxx_01.o(RESET)
    SCTM3_IRQHandler                         0x00000135   Thumb Code     0  startup_ht32f5xxxx_01.o(RESET)
    SPI0_IRQHandler                          0x00000135   Thumb Code     0  startup_ht32f5xxxx_01.o(RESET)
    SPI1_IRQHandler                          0x00000135   Thumb Code     0  startup_ht32f5xxxx_01.o(RESET)
    UART0_IRQHandler                         0x00000135   Thumb Code     0  startup_ht32f5xxxx_01.o(RESET)
    UART1_IRQHandler                         0x00000135   Thumb Code     0  startup_ht32f5xxxx_01.o(RESET)
    UART2_IRQHandler                         0x00000135   Thumb Code     0  startup_ht32f5xxxx_01.o(RESET)
    UART3_IRQHandler                         0x00000135   Thumb Code     0  startup_ht32f5xxxx_01.o(RESET)
    USB_IRQHandler                           0x00000135   Thumb Code     0  startup_ht32f5xxxx_01.o(RESET)
    __main                                   0x00000165   Thumb Code     0  entry.o(.ARM.Collect$$$$00000000)
    _main_stk                                0x00000165   Thumb Code     0  entry2.o(.ARM.Collect$$$$00000001)
    _main_scatterload                        0x00000169   Thumb Code     0  entry5.o(.ARM.Collect$$$$00000004)
    __main_after_scatterload                 0x0000016d   Thumb Code     0  entry5.o(.ARM.Collect$$$$00000004)
    _main_clock                              0x0000016d   Thumb Code     0  entry7b.o(.ARM.Collect$$$$00000008)
    _main_cpp_init                           0x0000016d   Thumb Code     0  entry8b.o(.ARM.Collect$$$$0000000A)
    _main_init                               0x0000016d   Thumb Code     0  entry9a.o(.ARM.Collect$$$$0000000B)
    __rt_lib_shutdown_fini                   0x00000175   Thumb Code     0  entry12b.o(.ARM.Collect$$$$0000000E)
    __rt_final_cpp                           0x00000179   Thumb Code     0  entry10a.o(.ARM.Collect$$$$0000000F)
    __rt_final_exit                          0x00000179   Thumb Code     0  entry11a.o(.ARM.Collect$$$$00000011)
    __aeabi_uidiv                            0x0000017d   Thumb Code     0  uidiv.o(.text)
    __aeabi_uidivmod                         0x0000017d   Thumb Code    44  uidiv.o(.text)
    __aeabi_memcpy                           0x000001a9   Thumb Code    36  memcpya.o(.text)
    __aeabi_memcpy4                          0x000001a9   Thumb Code     0  memcpya.o(.text)
    __aeabi_memcpy8                          0x000001a9   Thumb Code     0  memcpya.o(.text)
    __aeabi_memset                           0x000001cd   Thumb Code    14  memseta.o(.text)
    __aeabi_memset4                          0x000001cd   Thumb Code     0  memseta.o(.text)
    __aeabi_memset8                          0x000001cd   Thumb Code     0  memseta.o(.text)
    __aeabi_memclr                           0x000001db   Thumb Code     4  memseta.o(.text)
    __aeabi_memclr4                          0x000001db   Thumb Code     0  memseta.o(.text)
    __aeabi_memclr8                          0x000001db   Thumb Code     0  memseta.o(.text)
    _memset$wrapper                          0x000001df   Thumb Code    18  memseta.o(.text)
    strcat                                   0x000001f1   Thumb Code    24  strcat.o(.text)
    strstr                                   0x00000209   Thumb Code    40  strstr.o(.text)
    strncpy                                  0x00000231   Thumb Code    26  strncpy.o(.text)
    strcmp                                   0x0000024b   Thumb Code    28  strcmp.o(.text)
    strcpy                                   0x00000267   Thumb Code    18  strcpy.o(.text)
    strtok                                   0x00000279   Thumb Code    68  strtok.o(.text)
    strcspn                                  0x000002c1   Thumb Code    34  strcspn.o(.text)
    _scanf_real                              0x00000403   Thumb Code     0  scanf_fp.o(.text)
    _scanf_really_real                       0x00000403   Thumb Code   586  scanf_fp.o(.text)
    __aeabi_fadd                             0x00000659   Thumb Code   162  fadd.o(.text)
    __aeabi_fsub                             0x000006fb   Thumb Code     8  fadd.o(.text)
    __aeabi_frsub                            0x00000703   Thumb Code     8  fadd.o(.text)
    __aeabi_fmul                             0x0000070b   Thumb Code   122  fmul.o(.text)
    __aeabi_fdiv                             0x00000785   Thumb Code   124  fdiv.o(.text)
    __ARM_scalbnf                            0x00000801   Thumb Code    24  fscalb.o(.text)
    scalbnf                                  0x00000801   Thumb Code     0  fscalb.o(.text)
    __aeabi_dadd                             0x00000819   Thumb Code   330  dadd.o(.text)
    __aeabi_dsub                             0x00000963   Thumb Code    12  dadd.o(.text)
    __aeabi_drsub                            0x0000096f   Thumb Code    12  dadd.o(.text)
    __aeabi_i2f                              0x00000981   Thumb Code    22  fflti.o(.text)
    __aeabi_ui2f                             0x00000997   Thumb Code    14  ffltui.o(.text)
    __aeabi_f2uiz                            0x000009a5   Thumb Code    40  ffixui.o(.text)
    __aeabi_f2d                              0x000009cd   Thumb Code    40  f2d.o(.text)
    __aeabi_cdrcmple                         0x000009f5   Thumb Code    38  cdrcmple.o(.text)
    __aeabi_d2f                              0x00000a1d   Thumb Code    56  d2f.o(.text)
    __aeabi_uldivmod                         0x00000a55   Thumb Code    96  uldiv.o(.text)
    __aeabi_lmul                             0x00000ab5   Thumb Code   122  llmul.o(.text)
    _ll_mul                                  0x00000ab5   Thumb Code     0  llmul.o(.text)
    __aeabi_llsl                             0x00000b2f   Thumb Code    32  llshl.o(.text)
    _ll_shift_l                              0x00000b2f   Thumb Code     0  llshl.o(.text)
    __aeabi_llsr                             0x00000b4f   Thumb Code    34  llushr.o(.text)
    _ll_ushift_r                             0x00000b4f   Thumb Code     0  llushr.o(.text)
    __aeabi_lasr                             0x00000b71   Thumb Code    38  llsshr.o(.text)
    _ll_sshift_r                             0x00000b71   Thumb Code     0  llsshr.o(.text)
    _sgetc                                   0x00000b97   Thumb Code    32  _sgetc.o(.text)
    _sbackspace                              0x00000bb7   Thumb Code    36  _sgetc.o(.text)
    __strtod_int                             0x00000c13   Thumb Code    94  strtod.o(.text)
    __I$use$fp                               0x00000c81   Thumb Code     0  iusefp.o(.text)
    _float_round                             0x00000c81   Thumb Code    16  fepilogue.o(.text)
    _float_epilogue                          0x00000c91   Thumb Code   114  fepilogue.o(.text)
    _double_round                            0x00000d03   Thumb Code    26  depilogue.o(.text)
    _double_epilogue                         0x00000d1d   Thumb Code   164  depilogue.o(.text)
    __aeabi_dmul                             0x00000dc1   Thumb Code   202  dmul.o(.text)
    __aeabi_ddiv                             0x00000e91   Thumb Code   234  ddiv.o(.text)
    __aeabi_ul2d                             0x00000f81   Thumb Code    22  dfltul.o(.text)
    __aeabi_d2ulz                            0x00000f9d   Thumb Code    54  dfixul.o(.text)
    __scatterload                            0x00000fdd   Thumb Code    28  init.o(.text)
    __scatterload_rt2                        0x00000fdd   Thumb Code     0  init.o(.text)
    isspace                                  0x00001001   Thumb Code    14  isspace_c.o(.text)
    _fsqrt                                   0x0000100f   Thumb Code    88  fsqrt.o(.text)
    __ctype_lookup                           0x00001069   Thumb Code    32  ctype_c.o(.text)
    AFIO_GPxConfig                           0x0000108d   Thumb Code    80  ht32f5xxxx_gpio.o(i.AFIO_GPxConfig)
    ATGM_AnalyseLocation                     0x000010e1   Thumb Code   268  atgm336h.o(i.ATGM_AnalyseLocation)
    ATGM_Init                                0x00001221   Thumb Code    20  atgm336h.o(i.ATGM_Init)
    ATGM_TransforLocation                    0x00001239   Thumb Code   456  atgm336h.o(i.ATGM_TransforLocation)
    CKCU_GetClocksFrequency                  0x00001459   Thumb Code    78  ht32f5xxxx_ckcu.o(i.CKCU_GetClocksFrequency)
    CKCU_GetPLLFrequency                     0x000014b1   Thumb Code    50  ht32f5xxxx_ckcu.o(i.CKCU_GetPLLFrequency)
    CKCU_GetPeripFrequency                   0x000014ed   Thumb Code    46  ht32f5xxxx_ckcu.o(i.CKCU_GetPeripFrequency)
    CKCU_PeripClockConfig                    0x00001521   Thumb Code    34  ht32f5xxxx_ckcu.o(i.CKCU_PeripClockConfig)
    Delay_ms                                 0x00001549   Thumb Code    80  delay.o(i.Delay_ms)
    Delay_s                                  0x000015a1   Thumb Code    22  delay.o(i.Delay_s)
    GPIO_ClearOutBits                        0x000015b7   Thumb Code     4  ht32f5xxxx_gpio.o(i.GPIO_ClearOutBits)
    GPIO_Configuration                       0x000015bd   Thumb Code   118  gpio.o(i.GPIO_Configuration)
    GPIO_DirectionConfig                     0x0000163d   Thumb Code    16  ht32f5xxxx_gpio.o(i.GPIO_DirectionConfig)
    GPIO_InputConfig                         0x0000164d   Thumb Code    16  ht32f5xxxx_gpio.o(i.GPIO_InputConfig)
    GPIO_OpenDrainConfig                     0x0000165d   Thumb Code    16  ht32f5xxxx_gpio.o(i.GPIO_OpenDrainConfig)
    GPIO_PullResistorConfig                  0x0000166d   Thumb Code    32  ht32f5xxxx_gpio.o(i.GPIO_PullResistorConfig)
    GPIO_ReadInBit                           0x0000168d   Thumb Code    10  ht32f5xxxx_gpio.o(i.GPIO_ReadInBit)
    GPIO_SetOutBits                          0x00001697   Thumb Code     4  ht32f5xxxx_gpio.o(i.GPIO_SetOutBits)
    HardFault_Handler                        0x0000169b   Thumb Code     2  ht32f5xxxx_01_it.o(i.HardFault_Handler)
    I2C0_IRQHandler                          0x0000169d   Thumb Code   262  i2c0.o(i.I2C0_IRQHandler)
    I2C1_Configuration                       0x000017b1   Thumb Code   124  i2c1.o(i.I2C1_Configuration)
    I2C1_IRQHandler                          0x00001839   Thumb Code   262  i2c1.o(i.I2C1_IRQHandler)
    I2C1_check_lock                          0x00001965   Thumb Code    48  i2c1.o(i.I2C1_check_lock)
    I2C1_initial                             0x0000199d   Thumb Code    78  i2c1.o(i.I2C1_initial)
    I2C1_read                                0x00001a01   Thumb Code    92  i2c1.o(i.I2C1_read)
    I2C1_read_waiting                        0x00001a69   Thumb Code    28  i2c1.o(i.I2C1_read_waiting)
    I2C1_unlock                              0x00001a8d   Thumb Code   246  i2c1.o(i.I2C1_unlock)
    I2C1_write                               0x00001b8d   Thumb Code    38  i2c1.o(i.I2C1_write)
    I2C1_write_waiting                       0x00001bbd   Thumb Code    28  i2c1.o(i.I2C1_write_waiting)
    I2C_AckCmd                               0x00001be1   Thumb Code    20  ht32f5xxxx_i2c.o(i.I2C_AckCmd)
    I2C_ClearFlag                            0x00001bf5   Thumb Code     4  ht32f5xxxx_i2c.o(i.I2C_ClearFlag)
    I2C_Cmd                                  0x00001bf9   Thumb Code    18  ht32f5xxxx_i2c.o(i.I2C_Cmd)
    I2C_GenerateSTOP                         0x00001c0b   Thumb Code    10  ht32f5xxxx_i2c.o(i.I2C_GenerateSTOP)
    I2C_Init                                 0x00001c15   Thumb Code   150  ht32f5xxxx_i2c.o(i.I2C_Init)
    I2C_IntConfig                            0x00001cb5   Thumb Code    16  ht32f5xxxx_i2c.o(i.I2C_IntConfig)
    I2C_ReadRegister                         0x00001cc5   Thumb Code    10  ht32f5xxxx_i2c.o(i.I2C_ReadRegister)
    I2C_ReceiveData                          0x00001ccf   Thumb Code     6  ht32f5xxxx_i2c.o(i.I2C_ReceiveData)
    I2C_SendData                             0x00001cd5   Thumb Code     4  ht32f5xxxx_i2c.o(i.I2C_SendData)
    NMI_Handler                              0x00001cd9   Thumb Code     2  ht32f5xxxx_01_it.o(i.NMI_Handler)
    PendSV_Handler                           0x00001cdb   Thumb Code     2  ht32f5xxxx_01_it.o(i.PendSV_Handler)
    QMI_Calibration                          0x00001cdd   Thumb Code    38  qmi8658a.o(i.QMI_Calibration)
    QMI_CheckWhoAmI                          0x00001d05   Thumb Code    54  qmi8658a.o(i.QMI_CheckWhoAmI)
    QMI_ConfigACC                            0x00001d65   Thumb Code   120  qmi8658a.o(i.QMI_ConfigACC)
    QMI_ConfigGYRO                           0x00001de1   Thumb Code   162  qmi8658a.o(i.QMI_ConfigGYRO)
    QMI_ConfigReg                            0x00001e89   Thumb Code    90  qmi8658a.o(i.QMI_ConfigReg)
    QMI_EnableSensors                        0x00001ee9   Thumb Code    28  qmi8658a.o(i.QMI_EnableSensors)
    QMI_Init                                 0x00001f09   Thumb Code    70  qmi8658a.o(i.QMI_Init)
    QMI_ReadByte                             0x00001f65   Thumb Code    30  qmi8658a.o(i.QMI_ReadByte)
    QMI_ReadNBytes                           0x00001f83   Thumb Code    20  qmi8658a.o(i.QMI_ReadNBytes)
    QMI_ReadSensorData                       0x00001f99   Thumb Code   456  qmi8658a.o(i.QMI_ReadSensorData)
    QMI_ReadXYZ                              0x00002175   Thumb Code   104  qmi8658a.o(i.QMI_ReadXYZ)
    QMI_Reset                                0x000021e1   Thumb Code    18  qmi8658a.o(i.QMI_Reset)
    QMI_WriteByte                            0x000021f5   Thumb Code    24  qmi8658a.o(i.QMI_WriteByte)
    RSTCU_PeripReset                         0x00002211   Thumb Code    34  ht32f5xxxx_rstcu.o(i.RSTCU_PeripReset)
    SERIAL_PutChar                           0x00002239   Thumb Code    14  ht32_serial.o(i.SERIAL_PutChar)
    SVC_Handler                              0x0000224d   Thumb Code     2  ht32f5xxxx_01_it.o(i.SVC_Handler)
    SYSTICK_ClockSourceConfig                0x00002251   Thumb Code    20  ht32_cm0plus_misc.o(i.SYSTICK_ClockSourceConfig)
    SYSTICK_CounterCmd                       0x00002269   Thumb Code    32  ht32_cm0plus_misc.o(i.SYSTICK_CounterCmd)
    SYSTICK_IntConfig                        0x0000228d   Thumb Code    20  ht32_cm0plus_misc.o(i.SYSTICK_IntConfig)
    SYSTICK_SetReloadValue                   0x000022a5   Thumb Code     6  ht32_cm0plus_misc.o(i.SYSTICK_SetReloadValue)
    SystemInit                               0x000022b1   Thumb Code   232  system_ht32f5xxxx_01.o(i.SystemInit)
    UART0_Configuration                      0x000023ad   Thumb Code   102  uart0.o(i.UART0_Configuration)
    USART0_ClearBuffer                       0x0000241d   Thumb Code    18  usart0.o(i.USART0_ClearBuffer)
    USART0_Configuration                     0x00002435   Thumb Code   120  usart0.o(i.USART0_Configuration)
    USART0_IRQHandler                        0x000024b1   Thumb Code   158  usart0.o(i.USART0_IRQHandler)
    USART0_init_buffer                       0x00002575   Thumb Code    22  usart0.o(i.USART0_init_buffer)
    USART1_Configuration                     0x00002591   Thumb Code   122  usart1.o(i.USART1_Configuration)
    USART1_IRQHandler                        0x00002615   Thumb Code   112  usart1.o(i.USART1_IRQHandler)
    USART1_init_buffer                       0x00002691   Thumb Code    22  usart1.o(i.USART1_init_buffer)
    USART_Init                               0x000026ad   Thumb Code    86  ht32f5xxxx_usart.o(i.USART_Init)
    USART_IntConfig                          0x00002709   Thumb Code    16  ht32f5xxxx_usart.o(i.USART_IntConfig)
    USART_ReceiveData                        0x00002719   Thumb Code     6  ht32f5xxxx_usart.o(i.USART_ReceiveData)
    USART_SendData                           0x0000271f   Thumb Code     4  ht32f5xxxx_usart.o(i.USART_SendData)
    USART_TxRxCmd                            0x00002723   Thumb Code    20  ht32f5xxxx_usart.o(i.USART_TxRxCmd)
    WDT_Restart                              0x00002739   Thumb Code     8  ht32f5xxxx_wdt.o(i.WDT_Restart)
    __0printf                                0x00002749   Thumb Code    24  printfa.o(i.__0printf)
    __1printf                                0x00002749   Thumb Code     0  printfa.o(i.__0printf)
    __2printf                                0x00002749   Thumb Code     0  printfa.o(i.__0printf)
    __c89printf                              0x00002749   Thumb Code     0  printfa.o(i.__0printf)
    printf                                   0x00002749   Thumb Code     0  printfa.o(i.__0printf)
    __ARM_clz                                0x00002769   Thumb Code    46  depilogue.o(i.__ARM_clz)
    __ARM_common_switch8                     0x00002797   Thumb Code    26  ht32f5xxxx_ckcu.o(i.__ARM_common_switch8)
    __ARM_fpclassifyf                        0x000027b1   Thumb Code    34  fpclassifyf.o(i.__ARM_fpclassifyf)
    free                                     0x00002805   Thumb Code    94  mallocr.o(i.__free$realloc)
    malloc                                   0x00002869   Thumb Code    54  mallocr.o(i.__malloc$realloc)
    __mathlib_flt_infnan                     0x000028b1   Thumb Code    10  funder.o(i.__mathlib_flt_infnan)
    __mathlib_flt_infnan2                    0x000028bb   Thumb Code     8  funder.o(i.__mathlib_flt_infnan2)
    __mathlib_flt_invalid                    0x000028c3   Thumb Code    12  funder.o(i.__mathlib_flt_invalid)
    __mathlib_flt_underflow                  0x000028cf   Thumb Code    14  funder.o(i.__mathlib_flt_underflow)
    __scatterload_copy                       0x000028dd   Thumb Code    14  handlers.o(i.__scatterload_copy)
    __scatterload_null                       0x000028eb   Thumb Code     2  handlers.o(i.__scatterload_null)
    __scatterload_zeroinit                   0x000028ed   Thumb Code    14  handlers.o(i.__scatterload_zeroinit)
    __set_errno                              0x000028fd   Thumb Code     6  errno.o(i.__set_errno)
    _is_digit                                0x00002a7d   Thumb Code    14  scanf_fp.o(i._is_digit)
    asinf                                    0x000031c9   Thumb Code   242  asinf.o(i.asinf)
    atan2f                                   0x000032e1   Thumb Code   592  atan2f.o(i.atan2f)
    fputc                                    0x0000357d   Thumb Code     8  ht32_retarget.o(i.fputc)
    imu_computerotationmatrix                0x00003585   Thumb Code   282  imu.o(i.imu_computerotationmatrix)
    imu_get_eulerian_angles                  0x000036a9   Thumb Code   796  imu.o(i.imu_get_eulerian_angles)
    main                                     0x00003a5d   Thumb Code   110  main.o(i.main)
    sqrtf                                    0x00003b11   Thumb Code    44  sqrtf.o(i.sqrtf)
    strtod                                   0x00003b3d   Thumb Code    28  strtod.o(i.strtod)
    __ctype_categories                       0x00003b58   Data          64  ctype_c.o(.constdata)
    Region$$Table$$Base                      0x00003b98   Number         0  anon$$obj.o(Region$$Table)
    Region$$Table$$Limit                     0x00003bb8   Number         0  anon$$obj.o(Region$$Table)
    i2c0_timeout_ct                          0x20000000   Data           2  i2c0.o(.data)
    ATGM_AnalyseBufferReady                  0x20000002   Data           1  usart0.o(.data)
    i2c1_timeout_ct                          0x20000004   Data           2  i2c1.o(.data)
    SystemCoreClock                          0x20000008   Data           4  system_ht32f5xxxx_01.o(.data)
    __stdout                                 0x2000000c   Data           4  ht32_retarget.o(.data)
    g_imu_init                               0x20000010   Data           1  qmi8658a.o(.data)
    QMI_write_buffer                         0x20000011   Data           2  qmi8658a.o(.data)
    Kp                                       0x2000001c   Data           4  imu.o(.data)
    Ki                                       0x20000020   Data           4  imu.o(.data)
    exInt                                    0x20000024   Data           4  imu.o(.data)
    eyInt                                    0x20000028   Data           4  imu.o(.data)
    ezInt                                    0x2000002c   Data           4  imu.o(.data)
    __microlib_freelist                      0x20000044   Data           4  mvars.o(.data)
    __microlib_freelist_initialised          0x20000048   Data           4  mvars.o(.data)
    rxd_scomm1                               0x20000050   Data         262  usart1.o(.bss)
    txd_scomm1                               0x20000158   Data         262  usart1.o(.bss)
    struct_i2c0                              0x20000260   Data          24  i2c0.o(.bss)
    rxd_scomm0                               0x20000278   Data         262  usart0.o(.bss)
    txd_scomm0                               0x20000380   Data         262  usart0.o(.bss)
    struct_i2c1                              0x20000488   Data          24  i2c1.o(.bss)
    LocationStr                              0x200004a0   Data          16  atgm336h.o(.bss)
    ATGM_AnalyseBuffer                       0x200004b0   Data         256  atgm336h.o(.bss)
    g_imu                                    0x200005e0   Data          36  qmi8658a.o(.bss)
    __HT_check_heap                          0x20000628   Data           0  startup_ht32f5xxxx_01.o(HEAP)
    __heap_base                              0x20000628   Data           0  startup_ht32f5xxxx_01.o(HEAP)
    __HT_check_sp                            0x20001a28   Data           0  startup_ht32f5xxxx_01.o(STACK)
    __heap_limit                             0x20001a28   Data           0  startup_ht32f5xxxx_01.o(HEAP)
    __initial_sp                             0x20002628   Data           0  startup_ht32f5xxxx_01.o(STACK)



==============================================================================

Memory Map of the image

  Image Entry point : 0x000000c1

  Load Region LR_1 (Base: 0x00000000, Size: 0x00003c08, Max: 0xffffffff, ABSOLUTE)

    Execution Region ER_RO (Exec base: 0x00000000, Load base: 0x00000000, Size: 0x00003bb8, Max: 0xffffffff, ABSOLUTE)

    Exec Addr    Load Addr    Size         Type   Attr      Idx    E Section Name        Object

    0x00000000   0x00000000   0x00000164   Code   RO          795  * RESET               startup_ht32f5xxxx_01.o
    0x00000164   0x00000164   0x00000000   Code   RO         5622  * .ARM.Collect$$$$00000000  mc_p.l(entry.o)
    0x00000164   0x00000164   0x00000004   Code   RO         6008    .ARM.Collect$$$$00000001  mc_p.l(entry2.o)
    0x00000168   0x00000168   0x00000004   Code   RO         6011    .ARM.Collect$$$$00000004  mc_p.l(entry5.o)
    0x0000016c   0x0000016c   0x00000000   Code   RO         6013    .ARM.Collect$$$$00000008  mc_p.l(entry7b.o)
    0x0000016c   0x0000016c   0x00000000   Code   RO         6015    .ARM.Collect$$$$0000000A  mc_p.l(entry8b.o)
    0x0000016c   0x0000016c   0x00000008   Code   RO         6016    .ARM.Collect$$$$0000000B  mc_p.l(entry9a.o)
    0x00000174   0x00000174   0x00000004   Code   RO         6023    .ARM.Collect$$$$0000000E  mc_p.l(entry12b.o)
    0x00000178   0x00000178   0x00000000   Code   RO         6018    .ARM.Collect$$$$0000000F  mc_p.l(entry10a.o)
    0x00000178   0x00000178   0x00000000   Code   RO         6020    .ARM.Collect$$$$00000011  mc_p.l(entry11a.o)
    0x00000178   0x00000178   0x00000004   Code   RO         6009    .ARM.Collect$$$$00002712  mc_p.l(entry2.o)
    0x0000017c   0x0000017c   0x0000002c   Code   RO         5625    .text               mc_p.l(uidiv.o)
    0x000001a8   0x000001a8   0x00000024   Code   RO         5631    .text               mc_p.l(memcpya.o)
    0x000001cc   0x000001cc   0x00000024   Code   RO         5633    .text               mc_p.l(memseta.o)
    0x000001f0   0x000001f0   0x00000018   Code   RO         5635    .text               mc_p.l(strcat.o)
    0x00000208   0x00000208   0x00000028   Code   RO         5637    .text               mc_p.l(strstr.o)
    0x00000230   0x00000230   0x0000001a   Code   RO         5639    .text               mc_p.l(strncpy.o)
    0x0000024a   0x0000024a   0x0000001c   Code   RO         5643    .text               mc_p.l(strcmp.o)
    0x00000266   0x00000266   0x00000012   Code   RO         5645    .text               mc_p.l(strcpy.o)
    0x00000278   0x00000278   0x00000048   Code   RO         5649    .text               mc_p.l(strtok.o)
    0x000002c0   0x000002c0   0x00000022   Code   RO         5655    .text               mc_p.l(strcspn.o)
    0x000002e2   0x000002e2   0x00000002   PAD
    0x000002e4   0x000002e4   0x00000374   Code   RO         5950    .text               mc_p.l(scanf_fp.o)
    0x00000658   0x00000658   0x000000b2   Code   RO         5954    .text               mf_p.l(fadd.o)
    0x0000070a   0x0000070a   0x0000007a   Code   RO         5956    .text               mf_p.l(fmul.o)
    0x00000784   0x00000784   0x0000007c   Code   RO         5958    .text               mf_p.l(fdiv.o)
    0x00000800   0x00000800   0x00000018   Code   RO         5960    .text               mf_p.l(fscalb.o)
    0x00000818   0x00000818   0x00000168   Code   RO         5962    .text               mf_p.l(dadd.o)
    0x00000980   0x00000980   0x00000016   Code   RO         5966    .text               mf_p.l(fflti.o)
    0x00000996   0x00000996   0x0000000e   Code   RO         5968    .text               mf_p.l(ffltui.o)
    0x000009a4   0x000009a4   0x00000028   Code   RO         5972    .text               mf_p.l(ffixui.o)
    0x000009cc   0x000009cc   0x00000028   Code   RO         5976    .text               mf_p.l(f2d.o)
    0x000009f4   0x000009f4   0x00000028   Code   RO         5980    .text               mf_p.l(cdrcmple.o)
    0x00000a1c   0x00000a1c   0x00000038   Code   RO         5982    .text               mf_p.l(d2f.o)
    0x00000a54   0x00000a54   0x00000060   Code   RO         6024    .text               mc_p.l(uldiv.o)
    0x00000ab4   0x00000ab4   0x0000007a   Code   RO         6026    .text               mc_p.l(llmul.o)
    0x00000b2e   0x00000b2e   0x00000020   Code   RO         6028    .text               mc_p.l(llshl.o)
    0x00000b4e   0x00000b4e   0x00000022   Code   RO         6030    .text               mc_p.l(llushr.o)
    0x00000b70   0x00000b70   0x00000026   Code   RO         6032    .text               mc_p.l(llsshr.o)
    0x00000b96   0x00000b96   0x00000044   Code   RO         6045    .text               mc_p.l(_sgetc.o)
    0x00000bda   0x00000bda   0x00000002   PAD
    0x00000bdc   0x00000bdc   0x000000a4   Code   RO         6047    .text               mc_p.l(strtod.o)
    0x00000c80   0x00000c80   0x00000000   Code   RO         6049    .text               mc_p.l(iusefp.o)
    0x00000c80   0x00000c80   0x00000082   Code   RO         6050    .text               mf_p.l(fepilogue.o)
    0x00000d02   0x00000d02   0x000000be   Code   RO         6052    .text               mf_p.l(depilogue.o)
    0x00000dc0   0x00000dc0   0x000000d0   Code   RO         6056    .text               mf_p.l(dmul.o)
    0x00000e90   0x00000e90   0x000000f0   Code   RO         6058    .text               mf_p.l(ddiv.o)
    0x00000f80   0x00000f80   0x0000001c   Code   RO         6060    .text               mf_p.l(dfltul.o)
    0x00000f9c   0x00000f9c   0x00000040   Code   RO         6062    .text               mf_p.l(dfixul.o)
    0x00000fdc   0x00000fdc   0x00000024   Code   RO         6064    .text               mc_p.l(init.o)
    0x00001000   0x00001000   0x0000000e   Code   RO         6066    .text               mc_p.l(isspace_c.o)
    0x0000100e   0x0000100e   0x00000058   Code   RO         6070    .text               mf_p.l(fsqrt.o)
    0x00001066   0x00001066   0x00000002   PAD
    0x00001068   0x00001068   0x00000024   Code   RO         6072    .text               mc_p.l(ctype_c.o)
    0x0000108c   0x0000108c   0x00000054   Code   RO         1903    i.AFIO_GPxConfig    ht32f5xxxx_gpio.o
    0x000010e0   0x000010e0   0x00000140   Code   RO         4287    i.ATGM_AnalyseLocation  atgm336h.o
    0x00001220   0x00001220   0x00000018   Code   RO         4288    i.ATGM_Init         atgm336h.o
    0x00001238   0x00001238   0x00000220   Code   RO         4289    i.ATGM_TransforLocation  atgm336h.o
    0x00001458   0x00001458   0x00000058   Code   RO         1500    i.CKCU_GetClocksFrequency  ht32f5xxxx_ckcu.o
    0x000014b0   0x000014b0   0x0000003c   Code   RO         1502    i.CKCU_GetPLLFrequency  ht32f5xxxx_ckcu.o
    0x000014ec   0x000014ec   0x00000034   Code   RO         1503    i.CKCU_GetPeripFrequency  ht32f5xxxx_ckcu.o
    0x00001520   0x00001520   0x00000028   Code   RO         1518    i.CKCU_PeripClockConfig  ht32f5xxxx_ckcu.o
    0x00001548   0x00001548   0x00000058   Code   RO         4720    i.Delay_ms          delay.o
    0x000015a0   0x000015a0   0x00000016   Code   RO         4721    i.Delay_s           delay.o
    0x000015b6   0x000015b6   0x00000004   Code   RO         1904    i.GPIO_ClearOutBits  ht32f5xxxx_gpio.o
    0x000015ba   0x000015ba   0x00000002   PAD
    0x000015bc   0x000015bc   0x00000080   Code   RO          467    i.GPIO_Configuration  gpio.o
    0x0000163c   0x0000163c   0x00000010   Code   RO         1906    i.GPIO_DirectionConfig  ht32f5xxxx_gpio.o
    0x0000164c   0x0000164c   0x00000010   Code   RO         1910    i.GPIO_InputConfig  ht32f5xxxx_gpio.o
    0x0000165c   0x0000165c   0x00000010   Code   RO         1913    i.GPIO_OpenDrainConfig  ht32f5xxxx_gpio.o
    0x0000166c   0x0000166c   0x00000020   Code   RO         1915    i.GPIO_PullResistorConfig  ht32f5xxxx_gpio.o
    0x0000168c   0x0000168c   0x0000000a   Code   RO         1916    i.GPIO_ReadInBit    ht32f5xxxx_gpio.o
    0x00001696   0x00001696   0x00000004   Code   RO         1920    i.GPIO_SetOutBits   ht32f5xxxx_gpio.o
    0x0000169a   0x0000169a   0x00000002   Code   RO            3    i.HardFault_Handler  ht32f5xxxx_01_it.o
    0x0000169c   0x0000169c   0x00000114   Code   RO          491    i.I2C0_IRQHandler   i2c0.o
    0x000017b0   0x000017b0   0x00000088   Code   RO          663    i.I2C1_Configuration  i2c1.o
    0x00001838   0x00001838   0x00000114   Code   RO          664    i.I2C1_IRQHandler   i2c1.o
    0x0000194c   0x0000194c   0x00000018   Code   RO          665    i.I2C1_TargetAddressConfig  i2c1.o
    0x00001964   0x00001964   0x00000038   Code   RO          666    i.I2C1_check_lock   i2c1.o
    0x0000199c   0x0000199c   0x00000064   Code   RO          668    i.I2C1_initial      i2c1.o
    0x00001a00   0x00001a00   0x00000068   Code   RO          669    i.I2C1_read         i2c1.o
    0x00001a68   0x00001a68   0x00000024   Code   RO          671    i.I2C1_read_waiting  i2c1.o
    0x00001a8c   0x00001a8c   0x00000100   Code   RO          673    i.I2C1_unlock       i2c1.o
    0x00001b8c   0x00001b8c   0x00000030   Code   RO          674    i.I2C1_write        i2c1.o
    0x00001bbc   0x00001bbc   0x00000024   Code   RO          675    i.I2C1_write_waiting  i2c1.o
    0x00001be0   0x00001be0   0x00000014   Code   RO         3026    i.I2C_AckCmd        ht32f5xxxx_i2c.o
    0x00001bf4   0x00001bf4   0x00000004   Code   RO         3029    i.I2C_ClearFlag     ht32f5xxxx_i2c.o
    0x00001bf8   0x00001bf8   0x00000012   Code   RO         3030    i.I2C_Cmd           ht32f5xxxx_i2c.o
    0x00001c0a   0x00001c0a   0x0000000a   Code   RO         3034    i.I2C_GenerateSTOP  ht32f5xxxx_i2c.o
    0x00001c14   0x00001c14   0x000000a0   Code   RO         3037    i.I2C_Init          ht32f5xxxx_i2c.o
    0x00001cb4   0x00001cb4   0x00000010   Code   RO         3038    i.I2C_IntConfig     ht32f5xxxx_i2c.o
    0x00001cc4   0x00001cc4   0x0000000a   Code   RO         3041    i.I2C_ReadRegister  ht32f5xxxx_i2c.o
    0x00001cce   0x00001cce   0x00000006   Code   RO         3042    i.I2C_ReceiveData   ht32f5xxxx_i2c.o
    0x00001cd4   0x00001cd4   0x00000004   Code   RO         3043    i.I2C_SendData      ht32f5xxxx_i2c.o
    0x00001cd8   0x00001cd8   0x00000002   Code   RO            4    i.NMI_Handler       ht32f5xxxx_01_it.o
    0x00001cda   0x00001cda   0x00000002   Code   RO            5    i.PendSV_Handler    ht32f5xxxx_01_it.o
    0x00001cdc   0x00001cdc   0x00000026   Code   RO         4427    i.QMI_Calibration   qmi8658a.o
    0x00001d02   0x00001d02   0x00000002   PAD
    0x00001d04   0x00001d04   0x00000060   Code   RO         4428    i.QMI_CheckWhoAmI   qmi8658a.o
    0x00001d64   0x00001d64   0x0000007c   Code   RO         4429    i.QMI_ConfigACC     qmi8658a.o
    0x00001de0   0x00001de0   0x000000a8   Code   RO         4430    i.QMI_ConfigGYRO    qmi8658a.o
    0x00001e88   0x00001e88   0x00000060   Code   RO         4431    i.QMI_ConfigReg     qmi8658a.o
    0x00001ee8   0x00001ee8   0x00000020   Code   RO         4433    i.QMI_EnableSensors  qmi8658a.o
    0x00001f08   0x00001f08   0x0000005c   Code   RO         4435    i.QMI_Init          qmi8658a.o
    0x00001f64   0x00001f64   0x0000001e   Code   RO         4436    i.QMI_ReadByte      qmi8658a.o
    0x00001f82   0x00001f82   0x00000014   Code   RO         4437    i.QMI_ReadNBytes    qmi8658a.o
    0x00001f96   0x00001f96   0x00000002   PAD
    0x00001f98   0x00001f98   0x000001dc   Code   RO         4438    i.QMI_ReadSensorData  qmi8658a.o
    0x00002174   0x00002174   0x0000006c   Code   RO         4442    i.QMI_ReadXYZ       qmi8658a.o
    0x000021e0   0x000021e0   0x00000012   Code   RO         4443    i.QMI_Reset         qmi8658a.o
    0x000021f2   0x000021f2   0x00000002   PAD
    0x000021f4   0x000021f4   0x0000001c   Code   RO         4445    i.QMI_WriteByte     qmi8658a.o
    0x00002210   0x00002210   0x00000028   Code   RO         2229    i.RSTCU_PeripReset  ht32f5xxxx_rstcu.o
    0x00002238   0x00002238   0x00000014   Code   RO          888    i.SERIAL_PutChar    ht32_serial.o
    0x0000224c   0x0000224c   0x00000002   Code   RO            6    i.SVC_Handler       ht32f5xxxx_01_it.o
    0x0000224e   0x0000224e   0x00000002   PAD
    0x00002250   0x00002250   0x00000018   Code   RO         1333    i.SYSTICK_ClockSourceConfig  ht32_cm0plus_misc.o
    0x00002268   0x00002268   0x00000024   Code   RO         1334    i.SYSTICK_CounterCmd  ht32_cm0plus_misc.o
    0x0000228c   0x0000228c   0x00000018   Code   RO         1335    i.SYSTICK_IntConfig  ht32_cm0plus_misc.o
    0x000022a4   0x000022a4   0x0000000c   Code   RO         1336    i.SYSTICK_SetReloadValue  ht32_cm0plus_misc.o
    0x000022b0   0x000022b0   0x000000fc   Code   RO          761    i.SystemInit        system_ht32f5xxxx_01.o
    0x000023ac   0x000023ac   0x00000070   Code   RO          261    i.UART0_Configuration  uart0.o
    0x0000241c   0x0000241c   0x00000018   Code   RO          590    i.USART0_ClearBuffer  usart0.o
    0x00002434   0x00002434   0x0000007c   Code   RO          591    i.USART0_Configuration  usart0.o
    0x000024b0   0x000024b0   0x000000c4   Code   RO          592    i.USART0_IRQHandler  usart0.o
    0x00002574   0x00002574   0x0000001c   Code   RO          594    i.USART0_init_buffer  usart0.o
    0x00002590   0x00002590   0x00000084   Code   RO          381    i.USART1_Configuration  usart1.o
    0x00002614   0x00002614   0x0000007c   Code   RO          382    i.USART1_IRQHandler  usart1.o
    0x00002690   0x00002690   0x0000001c   Code   RO          386    i.USART1_init_buffer  usart1.o
    0x000026ac   0x000026ac   0x0000005c   Code   RO         2682    i.USART_Init        ht32f5xxxx_usart.o
    0x00002708   0x00002708   0x00000010   Code   RO         2683    i.USART_IntConfig   ht32f5xxxx_usart.o
    0x00002718   0x00002718   0x00000006   Code   RO         2692    i.USART_ReceiveData  ht32f5xxxx_usart.o
    0x0000271e   0x0000271e   0x00000004   Code   RO         2693    i.USART_SendData    ht32f5xxxx_usart.o
    0x00002722   0x00002722   0x00000014   Code   RO         2704    i.USART_TxRxCmd     ht32f5xxxx_usart.o
    0x00002736   0x00002736   0x00000002   PAD
    0x00002738   0x00002738   0x00000010   Code   RO         2277    i.WDT_Restart       ht32f5xxxx_wdt.o
    0x00002748   0x00002748   0x00000020   Code   RO         5892    i.__0printf         mc_p.l(printfa.o)
    0x00002768   0x00002768   0x0000002e   Code   RO         6054    i.__ARM_clz         mf_p.l(depilogue.o)
    0x00002796   0x00002796   0x0000001a   Code   RO         1698    i.__ARM_common_switch8  ht32f5xxxx_ckcu.o
    0x000027b0   0x000027b0   0x00000022   Code   RO         5984    i.__ARM_fpclassifyf  m_ps.l(fpclassifyf.o)
    0x000027d2   0x000027d2   0x00000002   PAD
    0x000027d4   0x000027d4   0x00000018   Code   RO          390    i.__NVIC_EnableIRQ  usart1.o
    0x000027ec   0x000027ec   0x00000018   Code   RO          598    i.__NVIC_EnableIRQ  usart0.o
    0x00002804   0x00002804   0x00000064   Code   RO         5924    i.__free$realloc    mc_p.l(mallocr.o)
    0x00002868   0x00002868   0x00000048   Code   RO         5925    i.__malloc$realloc  mc_p.l(mallocr.o)
    0x000028b0   0x000028b0   0x0000000a   Code   RO         5987    i.__mathlib_flt_infnan  m_ps.l(funder.o)
    0x000028ba   0x000028ba   0x00000008   Code   RO         5988    i.__mathlib_flt_infnan2  m_ps.l(funder.o)
    0x000028c2   0x000028c2   0x0000000c   Code   RO         5989    i.__mathlib_flt_invalid  m_ps.l(funder.o)
    0x000028ce   0x000028ce   0x0000000e   Code   RO         5992    i.__mathlib_flt_underflow  m_ps.l(funder.o)
    0x000028dc   0x000028dc   0x0000000e   Code   RO         6077    i.__scatterload_copy  mc_p.l(handlers.o)
    0x000028ea   0x000028ea   0x00000002   Code   RO         6078    i.__scatterload_null  mc_p.l(handlers.o)
    0x000028ec   0x000028ec   0x0000000e   Code   RO         6079    i.__scatterload_zeroinit  mc_p.l(handlers.o)
    0x000028fa   0x000028fa   0x00000002   PAD
    0x000028fc   0x000028fc   0x0000000c   Code   RO         6038    i.__set_errno       mc_p.l(errno.o)
    0x00002908   0x00002908   0x00000174   Code   RO         5899    i._fp_digits        mc_p.l(printfa.o)
    0x00002a7c   0x00002a7c   0x0000000e   Code   RO         5952    i._is_digit         mc_p.l(scanf_fp.o)
    0x00002a8a   0x00002a8a   0x00000002   PAD
    0x00002a8c   0x00002a8c   0x000006f0   Code   RO         5900    i._printf_core      mc_p.l(printfa.o)
    0x0000317c   0x0000317c   0x00000020   Code   RO         5901    i._printf_post_padding  mc_p.l(printfa.o)
    0x0000319c   0x0000319c   0x0000002c   Code   RO         5902    i._printf_pre_padding  mc_p.l(printfa.o)
    0x000031c8   0x000031c8   0x00000118   Code   RO         5603    i.asinf             m_ps.l(asinf.o)
    0x000032e0   0x000032e0   0x0000029c   Code   RO         5611    i.atan2f            m_ps.l(atan2f.o)
    0x0000357c   0x0000357c   0x00000008   Code   RO          806    i.fputc             ht32_retarget.o
    0x00003584   0x00003584   0x00000124   Code   RO         5569    i.imu_computerotationmatrix  imu.o
    0x000036a8   0x000036a8   0x00000330   Code   RO         5570    i.imu_get_eulerian_angles  imu.o
    0x000039d8   0x000039d8   0x00000034   Code   RO         5571    i.imu_inv_sqrt      imu.o
    0x00003a0c   0x00003a0c   0x00000050   Code   RO         5926    i.internal_alloc    mc_p.l(mallocr.o)
    0x00003a5c   0x00003a5c   0x000000b4   Code   RO          178    i.main              main.o
    0x00003b10   0x00003b10   0x0000002c   Code   RO         6001    i.sqrtf             m_ps.l(sqrtf.o)
    0x00003b3c   0x00003b3c   0x0000001c   Code   RO         5619    i.strtod            m_ps.l(strtod.o)
    0x00003b58   0x00003b58   0x00000040   Data   RO         6073    .constdata          mc_p.l(ctype_c.o)
    0x00003b98   0x00003b98   0x00000020   Data   RO         6075    Region$$Table       anon$$obj.o


    Execution Region ER_RW (Exec base: 0x20000000, Load base: 0x00003bb8, Size: 0x00000050, Max: 0xffffffff, ABSOLUTE)

    Exec Addr    Load Addr    Size         Type   Attr      Idx    E Section Name        Object

    0x20000000   0x00003bb8   0x00000002   Data   RW          504    .data               i2c0.o
    0x20000002   0x00003bba   0x00000001   Data   RW          600    .data               usart0.o
    0x20000003   0x00003bbb   0x00000001   PAD
    0x20000004   0x00003bbc   0x00000002   Data   RW          677    .data               i2c1.o
    0x20000006   0x00003bbe   0x00000002   PAD
    0x20000008   0x00003bc0   0x00000004   Data   RW          762    .data               system_ht32f5xxxx_01.o
    0x2000000c   0x00003bc4   0x00000004   Data   RW          807    .data               ht32_retarget.o
    0x20000010   0x00003bc8   0x00000008   Data   RW         4448    .data               qmi8658a.o
    0x20000018   0x00003bd0   0x00000028   Data   RW         5574    .data               imu.o
    0x20000040   0x00003bf8   0x00000004   Data   RW         5650    .data               mc_p.l(strtok.o)
    0x20000044   0x00003bfc   0x00000004   Data   RW         6034    .data               mc_p.l(mvars.o)
    0x20000048   0x00003c00   0x00000004   Data   RW         6035    .data               mc_p.l(mvars.o)
    0x2000004c   0x00003c04   0x00000004   Data   RW         6039    .data               mc_p.l(errno.o)


    Execution Region ER_ZI (Exec base: 0x20000050, Load base: 0x00003c08, Size: 0x000025d8, Max: 0xffffffff, ABSOLUTE)

    Exec Addr    Load Addr    Size         Type   Attr      Idx    E Section Name        Object

    0x20000050        -       0x0000020e   Zero   RW          391    .bss                usart1.o
    0x2000025e   0x00003c08   0x00000002   PAD
    0x20000260        -       0x00000018   Zero   RW          503    .bss                i2c0.o
    0x20000278        -       0x0000020e   Zero   RW          599    .bss                usart0.o
    0x20000486   0x00003c08   0x00000002   PAD
    0x20000488        -       0x00000018   Zero   RW          676    .bss                i2c1.o
    0x200004a0        -       0x00000110   Zero   RW         4290    .bss                atgm336h.o
    0x200005b0        -       0x00000054   Zero   RW         4447    .bss                qmi8658a.o
    0x20000604        -       0x00000024   Zero   RW         5573    .bss                imu.o
    0x20000628        -       0x00001400   Zero   RW          794    HEAP                startup_ht32f5xxxx_01.o
    0x20001a28        -       0x00000c00   Zero   RW          793    STACK               startup_ht32f5xxxx_01.o


==============================================================================

Image component sizes


      Code (inc. data)   RO Data    RW Data    ZI Data      Debug   Object Name

       888        144          0          0        272       3045   atgm336h.o
       110          8          0          0          0        977   delay.o
       128         10          0          0          0        477   gpio.o
        96         18          0          0          0       2198   ht32_cm0plus_misc.o
         8          0          0          4          0       2446   ht32_retarget.o
        20          6          0          0          0        517   ht32_serial.o
         8          0          0          0          0      28965   ht32f5xxxx_01_it.o
       266         42          0          0          0      12140   ht32f5xxxx_ckcu.o
       182          4          0          0          0      11553   ht32f5xxxx_gpio.o
       248         10          0          0          0      13121   ht32f5xxxx_i2c.o
        40          6          0          0          0       2663   ht32f5xxxx_rstcu.o
       138          6          0          0          0      11352   ht32f5xxxx_usart.o
        16          8          0          0          0        450   ht32f5xxxx_wdt.o
       276         14          0          2         24      10008   i2c0.o
      1072        108          0          2         24       7456   i2c1.o
      1160         36          0         40         36       3144   imu.o
       180         70          0          0          0        571   main.o
      1326        122          0          8         84      12663   qmi8658a.o
       356        238          0          0       8192        664   startup_ht32f5xxxx_01.o
       252         20          0          4          0       1787   system_ht32f5xxxx_01.o
       112         10          0          0          0      44918   uart0.o
       396         60          0          1        526       3521   usart0.o
       308         34          0          0        526      10472   usart1.o

    ----------------------------------------------------------------------
      7598        974         32         64       9688     185108   Object Totals
         0          0         32          0          0          0   (incl. Generated)
        12          0          0          3          4          0   (incl. Padding)

    ----------------------------------------------------------------------

      Code (inc. data)   RO Data    RW Data    ZI Data      Debug   Library Member Name

       280         38          0          0          0         76   asinf.o
       668         76          0          0          0        120   atan2f.o
        34          0          0          0          0         60   fpclassifyf.o
        44          0          0          0          0        272   funder.o
        44          0          0          0          0         72   sqrtf.o
        28          0          0          0          0         72   strtod.o
        68          0          0          0          0         76   _sgetc.o
        36          4         64          0          0         60   ctype_c.o
         0          0          0          0          0          0   entry.o
         0          0          0          0          0          0   entry10a.o
         0          0          0          0          0          0   entry11a.o
         4          0          0          0          0          0   entry12b.o
         8          4          0          0          0          0   entry2.o
         4          0          0          0          0          0   entry5.o
         0          0          0          0          0          0   entry7b.o
         0          0          0          0          0          0   entry8b.o
         8          4          0          0          0          0   entry9a.o
        12          6          0          4          0         60   errno.o
        30          0          0          0          0          0   handlers.o
        36          8          0          0          0         68   init.o
        14          0          0          0          0         68   isspace_c.o
         0          0          0          0          0          0   iusefp.o
       122          0          0          0          0         84   llmul.o
        32          0          0          0          0         68   llshl.o
        38          0          0          0          0         68   llsshr.o
        34          0          0          0          0         68   llushr.o
       252         30          0          0          0        224   mallocr.o
        36          0          0          0          0         60   memcpya.o
        36          0          0          0          0        100   memseta.o
         0          0          0          8          0          0   mvars.o
      2256         98          0          0          0        412   printfa.o
       898         12          0          0          0        184   scanf_fp.o
        24          0          0          0          0         60   strcat.o
        28          0          0          0          0         68   strcmp.o
        18          0          0          0          0         60   strcpy.o
        34          0          0          0          0         72   strcspn.o
        26          0          0          0          0         68   strncpy.o
        40          0          0          0          0         72   strstr.o
       164         16          0          0          0        120   strtod.o
        72          4          0          4          0         72   strtok.o
        44          0          0          0          0         72   uidiv.o
        96          0          0          0          0         84   uldiv.o
        40          2          0          0          0         68   cdrcmple.o
        56          0          0          0          0         68   d2f.o
       360          6          0          0          0        140   dadd.o
       240          6          0          0          0         84   ddiv.o
       236          0          0          0          0        216   depilogue.o
        64         10          0          0          0         68   dfixul.o
        28          6          0          0          0         68   dfltul.o
       208          6          0          0          0         88   dmul.o
        40          0          0          0          0         60   f2d.o
       178          0          0          0          0        108   fadd.o
       124          0          0          0          0         72   fdiv.o
       130          0          0          0          0        144   fepilogue.o
        40          0          0          0          0         60   ffixui.o
        22          0          0          0          0         68   fflti.o
        14          0          0          0          0         68   ffltui.o
       122          0          0          0          0         72   fmul.o
        24          0          0          0          0         60   fscalb.o
        88          0          0          0          0         72   fsqrt.o

    ----------------------------------------------------------------------
      7594        336         64         16          0       4604   Library Totals
        12          0          0          0          0          0   (incl. Padding)

    ----------------------------------------------------------------------

      Code (inc. data)   RO Data    RW Data    ZI Data      Debug   Library Name

      1098        114          0          0          0        672   m_ps.l
      4470        186         64         16          0       2348   mc_p.l
      2014         36          0          0          0       1584   mf_p.l

    ----------------------------------------------------------------------
      7594        336         64         16          0       4604   Library Totals

    ----------------------------------------------------------------------

==============================================================================


      Code (inc. data)   RO Data    RW Data    ZI Data      Debug   

     15192       1310         96         80       9688     183828   Grand Totals
     15192       1310         96         80       9688     183828   ELF Image Totals
     15192       1310         96         80          0          0   ROM Totals

==============================================================================

    Total RO  Size (Code + RO Data)                15288 (  14.93kB)
    Total RW  Size (RW Data + ZI Data)              9768 (   9.54kB)
    Total ROM Size (Code + RO Data + RW Data)      15368 (  15.01kB)

==============================================================================

